
   FAIL  Tests\Browser\app\Filament\Resources\Roles\RoleResourcesTest
  Γ£ף Super User can vieΓאª 3.92s  
  Γ£ף Staff User cannotΓאª  3.19s  
  Γ¿» Super User can vieΓאª 6.52s  
  Γ£ף Staff User cannotΓאª  1.24s  
  Γ¿» Super User can crΓאª 11.16s  
  Γ¿» Super User can updΓאª 6.14s  
  Γ¿» Super User can upΓאª 11.24s  
  Γ¿» Super User can delΓאª 6.73s  
  Γ£ף Super User cannotΓאª  1.75s  
  Γ¿» Super User can asΓאª 11.03s  
  Γ¿» Super User can reΓאª 11.18s  
  ΓפאΓפאΓפאΓפאΓפאΓפאΓפאΓפאΓפאΓפאΓפאΓפאΓפאΓפאΓפאΓפאΓפאΓפאΓפאΓפאΓפאΓפאΓפאΓפאΓפאΓפאΓפא  
   FAILED  Tests\Browser\apΓאª   
  Expected to see text [staff] on the page initially with the url [http://127.0.0.1:59825/admin/login], but it was not found or not visible. A screenshot of the page has been saved to [Tests/Browser/Screenshots/Super_User_can_view_a_Role_on_the_role_details_admin_page___admin_roles__role__id__view_].

  at tests\Browser\app\Filament\Resources\Roles\RoleResourcesTest.php:56
     52Γצץ         ->click('button[type="submit"]')
     53Γצץ         ->navigate("/admin/roles/{$role->id}/view")
     54Γצץ         ->waitForText('View Role')
     55Γצץ         ->assertSee('Name')
  Γ₧£  56Γצץ         ->assertSee('staff');
     57Γצץ });
     58Γצץ 
     59Γצץ test('Staff User cannot view a Role on the role details admin page (/admin/roles/{role_id}/view)', function () {
     60Γצץ     createBrowserUserWithRole(Role::ROLE_STAFF, 'staff_role_single_no_view@example.com');

  ΓפאΓפאΓפאΓפאΓפאΓפאΓפאΓפאΓפאΓפאΓפאΓפאΓפאΓפאΓפאΓפאΓפאΓפאΓפאΓפאΓפאΓפאΓפאΓפאΓפאΓפאΓפא  
   FAILED  Tests\Browser\apΓאª   
  Timeout 5000ms exceeded. A screenshot of the page has been saved to [Tests/Browser/Screenshots/Super_User_can_create_a_new_Role_by_clicking_the__New_role__button_on_the_roles_admin_page___admin_roles__and_filling_the_form].

The following exception was thrown by the HTTP server:
Illuminate\Auth\AuthenticationException: Unauthenticated.

Stack trace:
#0 C:\Users\SEFI-PC\Herd\towerpower\vendor\filament\filament\src\Http\Middleware\Authenticate.php(20): Illuminate\Auth\Middleware\Authenticate->unauthenticated(Object(Illuminate\Http\Request), Array)
#1 C:\Users\SEFI-PC\Herd\towerpower\vendor\laravel\framework\src\Illuminate\Auth\Middleware\Authenticate.php(61): Filament\Http\Middleware\Authenticate->authenticate(Object(Illuminate\Http\Request), Array)
#2 C:\Users\SEFI-PC\Herd\towerpower\vendor\laravel\framework\src\Illuminate\Pipeline\Pipeline.php(219): Illuminate\Auth\Middleware\Authenticate->handle(Object(Illuminate\Http\Request), Object(Closure))
#3 C:\Users\SEFI-PC\Herd\towerpower\vendor\laravel\framework\src\Illuminate\View\Middleware\ShareErrorsFromSession.php(48): Illuminate\Pipeline\Pipeline->{closure:{closure:Illuminate\Pipeline\Pipeline::carry():194}:195}(Object(Illuminate\Http\Request))
#4 C:\Users\SEFI-PC\Herd\towerpower\vendor\laravel\framework\src\Illuminate\Pipeline\Pipeline.php(219): Illuminate\View\Middleware\ShareErrorsFromSession->handle(Object(Illuminate\Http\Request), Object(Closure))
#5 C:\Users\SEFI-PC\Herd\towerpower\vendor\laravel\framework\src\Illuminate\Session\Middleware\StartSession.php(120): Illuminate\Pipeline\Pipeline->{closure:{closure:Illuminate\Pipeline\Pipeline::carry():194}:195}(Object(Illuminate\Http\Request))
#6 C:\Users\SEFI-PC\Herd\towerpower\vendor\laravel\framework\src\Illuminate\Session\Middleware\StartSession.php(63): Illuminate\Session\Middleware\StartSession->handleStatefulRequest(Object(Illuminate\Http\Request), Object(Illuminate\Session\Store), Object(Closure))
#7 C:\Users\SEFI-PC\Herd\towerpower\vendor\laravel\framework\src\Illuminate\Pipeline\Pipeline.php(219): Illuminate\Session\Middleware\StartSession->handle(Object(Illuminate\Http\Request), Object(Closure))
#8 C:\Users\SEFI-PC\Herd\towerpower\vendor\laravel\framework\src\Illuminate\Cookie\Middleware\AddQueuedCookiesToResponse.php(36): Illuminate\Pipeline\Pipeline->{closure:{closure:Illuminate\Pipeline\Pipeline::carry():194}:195}(Object(Illuminate\Http\Request))
#9 C:\Users\SEFI-PC\Herd\towerpower\vendor\laravel\framework\src\Illuminate\Pipeline\Pipeline.php(219): Illuminate\Cookie\Middleware\AddQueuedCookiesToResponse->handle(Object(Illuminate\Http\Request), Object(Closure))
#10 C:\Users\SEFI-PC\Herd\towerpower\vendor\laravel\framework\src\Illuminate\Cookie\Middleware\EncryptCookies.php(74): Illuminate\Pipeline\Pipeline->{closure:{closure:Illuminate\Pipeline\Pipeline::carry():194}:195}(Object(Illuminate\Http\Request))
#11 C:\Users\SEFI-PC\Herd\towerpower\vendor\laravel\framework\src\Illuminate\Pipeline\Pipeline.php(219): Illuminate\Cookie\Middleware\EncryptCookies->handle(Object(Illuminate\Http\Request), Object(Closure))
#12 C:\Users\SEFI-PC\Herd\towerpower\vendor\filament\filament\src\Http\Middleware\SetUpPanel.php(19): Illuminate\Pipeline\Pipeline->{closure:{closure:Illuminate\Pipeline\Pipeline::carry():194}:195}(Object(Illuminate\Http\Request))
#13 C:\Users\SEFI-PC\Herd\towerpower\vendor\laravel\framework\src\Illuminate\Pipeline\Pipeline.php(219): Filament\Http\Middleware\SetUpPanel->handle(Object(Illuminate\Http\Request), Object(Closure), Object(Filament\Panel))
#14 C:\Users\SEFI-PC\Herd\towerpower\vendor\laravel\framework\src\Illuminate\Pipeline\Pipeline.php(137): Illuminate\Pipeline\Pipeline->{closure:{closure:Illuminate\Pipeline\Pipeline::carry():194}:195}(Object(Illuminate\Http\Request))
#15 C:\Users\SEFI-PC\Herd\towerpower\vendor\laravel\framework\src\Illuminate\Routing\Router.php(821): Illuminate\Pipeline\Pipeline->then(Object(Closure))
#16 C:\Users\SEFI-PC\Herd\towerpower\vendor\laravel\framework\src\Illuminate\Routing\Router.php(800): Illuminate\Routing\Router->runRouteWithinStack(Object(Illuminate\Routing\Route), Object(Illuminate\Http\Request))
#17 C:\Users\SEFI-PC\Herd\towerpower\vendor\laravel\framework\src\Illuminate\Routing\Router.php(764): Illuminate\Routing\Router->runRoute(Object(Illuminate\Http\Request), Object(Illuminate\Routing\Route))
#18 C:\Users\SEFI-PC\Herd\towerpower\vendor\laravel\framework\src\Illuminate\Routing\Router.php(753): Illuminate\Routing\Router->dispatchToRoute(Object(Illuminate\Http\Request))
#19 C:\Users\SEFI-PC\Herd\towerpower\vendor\laravel\framework\src\Illuminate\Foundation\Http\Kernel.php(200): Illuminate\Routing\Router->dispatch(Object(Illuminate\Http\Request))
#20 C:\Users\SEFI-PC\Herd\towerpower\vendor\laravel\framework\src\Illuminate\Pipeline\Pipeline.php(180): Illuminate\Foundation\Http\Kernel->{closure:Illuminate\Foundation\Http\Kernel::dispatchToRouter():197}(Object(Illuminate\Http\Request))
#21 C:\Users\SEFI-PC\Herd\towerpower\vendor\livewire\livewire\src\Features\SupportDisablingBackButtonCache\DisableBackButtonCacheMiddleware.php(19): Illuminate\Pipeline\Pipeline->{closure:Illuminate\Pipeline\Pipeline::prepareDestination():178}(Object(Illuminate\Http\Request))
#22 C:\Users\SEFI-PC\Herd\towerpower\vendor\laravel\framework\src\Illuminate\Pipeline\Pipeline.php(219): Livewire\Features\SupportDisablingBackButtonCache\DisableBackButtonCacheMiddleware->handle(Object(Illuminate\Http\Request), Object(Closure))
#23 C:\Users\SEFI-PC\Herd\towerpower\vendor\laravel\framework\src\Illuminate\Foundation\Http\Middleware\TransformsRequest.php(21): Illuminate\Pipeline\Pipeline->{closure:{closure:Illuminate\Pipeline\Pipeline::carry():194}:195}(Object(Illuminate\Http\Request))
#24 C:\Users\SEFI-PC\Herd\towerpower\vendor\laravel\framework\src\Illuminate\Foundation\Http\Middleware\ConvertEmptyStringsToNull.php(31): Illuminate\Foundation\Http\Middleware\TransformsRequest->handle(Object(Illuminate\Http\Request), Object(Closure))
#25 C:\Users\SEFI-PC\Herd\towerpower\vendor\laravel\framework\src\Illuminate\Pipeline\Pipeline.php(219): Illuminate\Foundation\Http\Middleware\ConvertEmptyStringsToNull->handle(Object(Illuminate\Http\Request), Object(Closure))
#26 C:\Users\SEFI-PC\Herd\towerpower\vendor\laravel\framework\src\Illuminate\Foundation\Http\Middleware\TransformsRequest.php(21): Illuminate\Pipeline\Pipeline->{closure:{closure:Illuminate\Pipeline\Pipeline::carry():194}:195}(Object(Illuminate\Http\Request))
#27 C:\Users\SEFI-PC\Herd\towerpower\vendor\laravel\framework\src\Illuminate\Foundation\Http\Middleware\TrimStrings.php(51): Illuminate\Foundation\Http\Middleware\TransformsRequest->handle(Object(Illuminate\Http\Request), Object(Closure))
#28 C:\Users\SEFI-PC\Herd\towerpower\vendor\laravel\framework\src\Illuminate\Pipeline\Pipeline.php(219): Illuminate\Foundation\Http\Middleware\TrimStrings->handle(Object(Illuminate\Http\Request), Object(Closure))
#29 C:\Users\SEFI-PC\Herd\towerpower\vendor\laravel\framework\src\Illuminate\Http\Middleware\ValidatePostSize.php(27): Illuminate\Pipeline\Pipeline->{closure:{closure:Illuminate\Pipeline\Pipeline::carry():194}:195}(Object(Illuminate\Http\Request))
#30 C:\Users\SEFI-PC\Herd\towerpower\vendor\laravel\framework\src\Illuminate\Pipeline\Pipeline.php(219): Illuminate\Http\Middleware\ValidatePostSize->handle(Object(Illuminate\Http\Request), Object(Closure))
#31 C:\Users\SEFI-PC\Herd\towerpower\vendor\laravel\framework\src\Illuminate\Foundation\Http\Middleware\PreventRequestsDuringMaintenance.php(109): Illuminate\Pipeline\Pipeline->{closure:{closure:Illuminate\Pipeline\Pipeline::carry():194}:195}(Object(Illuminate\Http\Request))
#32 C:\Users\SEFI-PC\Herd\towerpower\vendor\laravel\framework\src\Illuminate\Pipeline\Pipeline.php(219): Illuminate\Foundation\Http\Middleware\PreventRequestsDuringMaintenance->handle(Object(Illuminate\Http\Request), Object(Closure))
#33 C:\Users\SEFI-PC\Herd\towerpower\vendor\laravel\framework\src\Illuminate\Http\Middleware\HandleCors.php(74): Illuminate\Pipeline\Pipeline->{closure:{closure:Illuminate\Pipeline\Pipeline::carry():194}:195}(Object(Illuminate\Http\Request))
#34 C:\Users\SEFI-PC\Herd\towerpower\vendor\laravel\framework\src\Illuminate\Pipeline\Pipeline.php(219): Illuminate\Http\Middleware\HandleCors->handle(Object(Illuminate\Http\Request), Object(Closure))
#35 C:\Users\SEFI-PC\Herd\towerpower\vendor\laravel\framework\src\Illuminate\Http\Middleware\TrustProxies.php(58): Illuminate\Pipeline\Pipeline->{closure:{closure:Illuminate\Pipeline\Pipeline::carry():194}:195}(Object(Illuminate\Http\Request))
#36 C:\Users\SEFI-PC\Herd\towerpower\vendor\laravel\framework\src\Illuminate\Pipeline\Pipeline.php(219): Illuminate\Http\Middleware\TrustProxies->handle(Object(Illuminate\Http\Request), Object(Closure))
#37 C:\Users\SEFI-PC\Herd\towerpower\vendor\laravel\framework\src\Illuminate\Foundation\Http\Middleware\InvokeDeferredCallbacks.php(22): Illuminate\Pipeline\Pipeline->{closure:{closure:Illuminate\Pipeline\Pipeline::carry():194}:195}(Object(Illuminate\Http\Request))
#38 C:\Users\SEFI-PC\Herd\towerpower\vendor\laravel\framework\src\Illuminate\Pipeline\Pipeline.php(219): Illuminate\Foundation\Http\Middleware\InvokeDeferredCallbacks->handle(Object(Illuminate\Http\Request), Object(Closure))
#39 C:\Users\SEFI-PC\Herd\towerpower\vendor\laravel\framework\src\Illuminate\Http\Middleware\ValidatePathEncoding.php(28): Illuminate\Pipeline\Pipeline->{closure:{closure:Illuminate\Pipeline\Pipeline::carry():194}:195}(Object(Illuminate\Http\Request))
#40 C:\Users\SEFI-PC\Herd\towerpower\vendor\laravel\framework\src\Illuminate\Pipeline\Pipeline.php(219): Illuminate\Http\Middleware\ValidatePathEncoding->handle(Object(Illuminate\Http\Request), Object(Closure))
#41 C:\Users\SEFI-PC\Herd\towerpower\vendor\laravel\framework\src\Illuminate\Pipeline\Pipeline.php(137): Illuminate\Pipeline\Pipeline->{closure:{closure:Illuminate\Pipeline\Pipeline::carry():194}:195}(Object(Illuminate\Http\Request))
#42 C:\Users\SEFI-PC\Herd\towerpower\vendor\laravel\framework\src\Illuminate\Foundation\Http\Kernel.php(175): Illuminate\Pipeline\Pipeline->then(Object(Closure))
#43 C:\Users\SEFI-PC\Herd\towerpower\vendor\laravel\framework\src\Illuminate\Foundation\Http\Kernel.php(144): Illuminate\Foundation\Http\Kernel->sendRequestThroughRouter(Object(Illuminate\Http\Request))
#44 C:\Users\SEFI-PC\Herd\towerpower\vendor\pestphp\pest-plugin-browser\src\Drivers\LaravelHttpServer.php(279): Illuminate\Foundation\Http\Kernel->handle(Object(Illuminate\Http\Request))
#45 C:\Users\SEFI-PC\Herd\towerpower\vendor\amphp\http-server\src\RequestHandler\ClosureRequestHandler.php(21): Pest\Browser\Drivers\LaravelHttpServer->handleRequest(Object(Amp\Http\Server\Request))
#46 C:\Users\SEFI-PC\Herd\towerpower\vendor\amphp\http-server\src\Middleware\CompressionMiddleware.php(56): Amp\Http\Server\RequestHandler\ClosureRequestHandler->handleRequest(Object(Amp\Http\Server\Request))
#47 C:\Users\SEFI-PC\Herd\towerpower\vendor\amphp\http-server\src\Middleware\Internal\MiddlewareRequestHandler.php(26): Amp\Http\Server\Middleware\CompressionMiddleware->handleRequest(Object(Amp\Http\Server\Request), Object(Amp\Http\Server\RequestHandler\ClosureRequestHandler))
#48 C:\Users\SEFI-PC\Herd\towerpower\vendor\amphp\http-server\src\Middleware\ConcurrencyLimitingMiddleware.php(40): Amp\Http\Server\Middleware\Internal\MiddlewareRequestHandler->handleRequest(Object(Amp\Http\Server\Request))
#49 C:\Users\SEFI-PC\Herd\towerpower\vendor\amphp\http-server\src\Middleware\Internal\MiddlewareRequestHandler.php(26): Amp\Http\Server\Middleware\ConcurrencyLimitingMiddleware->handleRequest(Object(Amp\Http\Server\Request), Object(Amp\Http\Server\Middleware\Internal\MiddlewareRequestHandler))
#50 C:\Users\SEFI-PC\Herd\towerpower\vendor\amphp\http-server\src\Middleware\AllowedMethodsMiddleware.php(59): Amp\Http\Server\Middleware\Internal\MiddlewareRequestHandler->handleRequest(Object(Amp\Http\Server\Request))
#51 C:\Users\SEFI-PC\Herd\towerpower\vendor\amphp\http-server\src\Middleware\Internal\MiddlewareRequestHandler.php(26): Amp\Http\Server\Middleware\AllowedMethodsMiddleware->handleRequest(Object(Amp\Http\Server\Request), Object(Amp\Http\Server\Middleware\Internal\MiddlewareRequestHandler))
#52 C:\Users\SEFI-PC\Herd\towerpower\vendor\amphp\http-server\src\Driver\Internal\AbstractHttpDriver.php(57): Amp\Http\Server\Middleware\Internal\MiddlewareRequestHandler->handleRequest(Object(Amp\Http\Server\Request))
#53 C:\Users\SEFI-PC\Herd\towerpower\vendor\amphp\amp\src\functions.php(33): Amp\Http\Server\Driver\Internal\AbstractHttpDriver->handleRequest(Object(Amp\Http\Server\Request))
#54 C:\Users\SEFI-PC\Herd\towerpower\vendor\revolt\event-loop\src\EventLoop\Internal\AbstractDriver.php(430): {closure:Amp\async():23}(NULL, NULL, Array)
#55 C:\Users\SEFI-PC\Herd\towerpower\vendor\revolt\event-loop\src\EventLoop\Internal\AbstractDriver.php(621): Revolt\EventLoop\Internal\AbstractDriver->invokeMicrotasks()
#56 [internal function]: Revolt\EventLoop\Internal\AbstractDriver->{closure:Revolt\EventLoop\Internal\AbstractDriver::createCallbackFiber():565}()
#57 C:\Users\SEFI-PC\Herd\towerpower\vendor\revolt\event-loop\src\EventLoop\Internal\DriverSuspension.php(64): Fiber->resume(NULL)
#58 C:\Users\SEFI-PC\Herd\towerpower\vendor\revolt\event-loop\src\EventLoop\Internal\AbstractDriver.php(430): Revolt\EventLoop\Internal\DriverSuspension::{closure:Revolt\EventLoop\Internal\DriverSuspension::resume():61}()
#59 C:\Users\SEFI-PC\Herd\towerpower\vendor\revolt\event-loop\src\EventLoop\Internal\AbstractDriver.php(621): Revolt\EventLoop\Internal\AbstractDriver->invokeMicrotasks()
#60 [internal function]: Revolt\EventLoop\Internal\AbstractDriver->{closure:Revolt\EventLoop\Internal\AbstractDriver::createCallbackFiber():565}()
#61 C:\Users\SEFI-PC\Herd\towerpower\vendor\revolt\event-loop\src\EventLoop\Internal\AbstractDriver.php(503): Fiber->start()
#62 C:\Users\SEFI-PC\Herd\towerpower\vendor\revolt\event-loop\src\EventLoop\Internal\AbstractDriver.php(558): Revolt\EventLoop\Internal\AbstractDriver->invokeCallbacks()
#63 [internal function]: Revolt\EventLoop\Internal\AbstractDriver->{closure:Revolt\EventLoop\Internal\AbstractDriver::createLoopFiber():538}()
#64 C:\Users\SEFI-PC\Herd\towerpower\vendor\revolt\event-loop\src\EventLoop\Internal\AbstractDriver.php(96): Fiber->resume()
#65 C:\Users\SEFI-PC\Herd\towerpower\vendor\revolt\event-loop\src\EventLoop\Internal\DriverSuspension.php(117): Revolt\EventLoop\Internal\AbstractDriver->{closure:Revolt\EventLoop\Internal\AbstractDriver::__construct():90}()
#66 C:\Users\SEFI-PC\Herd\towerpower\vendor\amphp\pipeline\src\Internal\QueueState.php(128): Revolt\EventLoop\Internal\DriverSuspension->suspend()
#67 C:\Users\SEFI-PC\Herd\towerpower\vendor\amphp\pipeline\src\Internal\ConcurrentQueueIterator.php(30): Amp\Pipeline\Internal\QueueState->continue(NULL)
#68 C:\Users\SEFI-PC\Herd\towerpower\vendor\amphp\websocket\src\Rfc6455Client.php(92): Amp\Pipeline\Internal\ConcurrentQueueIterator->continue(NULL)
#69 C:\Users\SEFI-PC\Herd\towerpower\vendor\amphp\websocket-client\src\Rfc6455Connection.php(44): Amp\Websocket\Rfc6455Client->receive(NULL)
#70 C:\Users\SEFI-PC\Herd\towerpower\vendor\pestphp\pest-plugin-browser\src\Playwright\Client.php(136): Amp\Websocket\Client\Rfc6455Connection->receive()
#71 C:\Users\SEFI-PC\Herd\towerpower\vendor\pestphp\pest-plugin-browser\src\Playwright\Client.php(90): Pest\Browser\Playwright\Client->fetch(Object(Amp\Websocket\Client\Rfc6455Connection))
#72 [internal function]: Pest\Browser\Playwright\Client->execute('frame@0d0edb4c3...', 'goto', Array)
#73 C:\Users\SEFI-PC\Herd\towerpower\vendor\pestphp\pest-plugin-browser\src\Playwright\Concerns\InteractsWithPlaywright.php(123): iterator_to_array(Object(Generator))
#74 C:\Users\SEFI-PC\Herd\towerpower\vendor\pestphp\pest-plugin-browser\src\Playwright\Page.php(99): Pest\Browser\Playwright\Page->processVoidResponse(Object(Generator))
#75 C:\Users\SEFI-PC\Herd\towerpower\vendor\pestphp\pest-plugin-browser\src\Api\Concerns\InteractsWithToolbar.php(34): Pest\Browser\Playwright\Page->goto('http://127.0.0....', Array)
#76 C:\Users\SEFI-PC\Herd\towerpower\vendor\pestphp\pest-plugin-browser\src\Api\AwaitableWebpage.php(55): Pest\Browser\Api\Webpage->navigate('http://127.0.0....')
#77 C:\Users\SEFI-PC\Herd\towerpower\vendor\pestphp\pest-plugin-browser\src\Playwright\Playwright.php(230): Pest\Browser\Api\AwaitableWebpage->{closure:Pest\Browser\Api\AwaitableWebpage::__call():55}()
#78 C:\Users\SEFI-PC\Herd\towerpower\vendor\pestphp\pest-plugin-browser\src\Execution.php(149): Pest\Browser\Playwright\Playwright::usingTimeout(1000, Object(Closure))
#79 C:\Users\SEFI-PC\Herd\towerpower\vendor\pestphp\pest-plugin-browser\src\Api\AwaitableWebpage.php(53): Pest\Browser\Execution->waitForExpectation(Object(Closure))
#80 C:\Users\SEFI-PC\Herd\towerpower\tests\Browser\app\Filament\Resources\Roles\RoleResourcesTest.php(80): Pest\Browser\Api\AwaitableWebpage->__call('navigate', Array)
#81 C:\Users\SEFI-PC\Herd\towerpower\vendor\pestphp\pest\src\Factories\TestCaseMethodFactory.php(172): P\Tests\Browser\app\Filament\Resources\Roles\RoleResourcesTest->{closure:C:\Users\SEFI-PC\Herd\towerpower\tests\Browser\app\Filament\Resources\Roles\RoleResourcesTest.php:73}()
#82 [internal function]: P\Tests\Browser\app\Filament\Resources\Roles\RoleResourcesTest->{closure:Pest\Factories\TestCaseMethodFactory::getClosure():162}()
#83 C:\Users\SEFI-PC\Herd\towerpower\vendor\pestphp\pest\src\Concerns\Testable.php(429): call_user_func_array(Object(Closure), Array)
#84 C:\Users\SEFI-PC\Herd\towerpower\vendor\pestphp\pest\src\Support\ExceptionTrace.php(26): P\Tests\Browser\app\Filament\Resources\Roles\RoleResourcesTest->{closure:Pest\Concerns\Testable::__callClosure():429}()
#85 C:\Users\SEFI-PC\Herd\towerpower\vendor\pestphp\pest\src\Concerns\Testable.php(429): Pest\Support\ExceptionTrace::ensure(Object(Closure))
#86 C:\Users\SEFI-PC\Herd\towerpower\vendor\pestphp\pest\src\Concerns\Testable.php(331): P\Tests\Browser\app\Filament\Resources\Roles\RoleResourcesTest->__callClosure(Object(Closure), Array)
#87 C:\Users\SEFI-PC\Herd\towerpower\vendor\pestphp\pest\src\Factories\TestCaseFactory.php(170) : eval()'d code(53): P\Tests\Browser\app\Filament\Resources\Roles\RoleResourcesTest->__runTest(Object(Closure))
#88 C:\Users\SEFI-PC\Herd\towerpower\vendor\phpunit\phpunit\src\Framework\TestCase.php(1332): P\Tests\Browser\app\Filament\Resources\Roles\RoleResourcesTest->__pest_evaluable_Super_User_can_create_a_new_Role_by_clicking_the__New_role__button_on_the_roles_admin_page___admin_roles__and_filling_the_form()
#89 C:\Users\SEFI-PC\Herd\towerpower\vendor\phpunit\phpunit\src\Framework\TestCase.php(519): PHPUnit\Framework\TestCase->runTest()
#90 C:\Users\SEFI-PC\Herd\towerpower\vendor\phpunit\phpunit\src\Framework\TestRunner\TestRunner.php(99): PHPUnit\Framework\TestCase->runBare()
#91 C:\Users\SEFI-PC\Herd\towerpower\vendor\phpunit\phpunit\src\Framework\TestCase.php(359): PHPUnit\Framework\TestRunner->run(Object(P\Tests\Browser\app\Filament\Resources\Roles\RoleResourcesTest))
#92 C:\Users\SEFI-PC\Herd\towerpower\vendor\phpunit\phpunit\src\Framework\TestSuite.php(374): PHPUnit\Framework\TestCase->run()
#93 C:\Users\SEFI-PC\Herd\towerpower\vendor\phpunit\phpunit\src\TextUI\TestRunner.php(64): PHPUnit\Framework\TestSuite->run()
#94 C:\Users\SEFI-PC\Herd\towerpower\vendor\phpunit\phpunit\src\TextUI\Application.php(229): PHPUnit\TextUI\TestRunner->run(Object(PHPUnit\TextUI\Configuration\Configuration), Object(PHPUnit\Runner\ResultCache\DefaultResultCache), Object(PHPUnit\Framework\TestSuite))
#95 C:\Users\SEFI-PC\Herd\towerpower\vendor\pestphp\pest\src\Kernel.php(103): PHPUnit\TextUI\Application->run(Array)
#96 C:\Users\SEFI-PC\Herd\towerpower\vendor\pestphp\pest\bin\pest(184): Pest\Kernel->handle(Array, Array)
#97 C:\Users\SEFI-PC\Herd\towerpower\vendor\pestphp\pest\bin\pest(192): {closure:C:\Users\SEFI-PC\Herd\towerpower\vendor\pestphp\pest\bin\pest:18}()
#98 {main}

  at tests\Browser\app\Filament\Resources\Roles\RoleResourcesTest.php:81
     77Γצץ     $page->fill('#form\.email', 'super_role_create@example.com')
     78Γצץ         ->fill('#form\.password', 'password')
     79Γצץ         ->click('button[type="submit"]')
     80Γצץ         ->navigate('/admin/roles')
  Γ₧£  81Γצץ         ->click('a:has-text("New role")')
     82Γצץ         ->waitForText('Create Role')
     83Γצץ         ->fill('name', 'Moderator')
     84Γצץ         ->fill('slug', 'moderator')
     85Γצץ         ->click('button:has-text("Create")')

  ΓפאΓפאΓפאΓפאΓפאΓפאΓפאΓפאΓפאΓפאΓפאΓפאΓפאΓפאΓפאΓפאΓפאΓפאΓפאΓפאΓפאΓפאΓפאΓפאΓפאΓפאΓפא  
   FAILED  Tests\Browser\apΓאª   
  Expected to see text [Support] on the page initially with the url [http://127.0.0.1:59825/admin/login], but it was not found or not visible. A screenshot of the page has been saved to [Tests/Browser/Screenshots/Super_User_can_update_an_existing_Role_by_clicking_the__Edit__button_on_the_Role_row_on_the_roles_admin_page___admin_roles__and_filling_the_form].

The following exception was thrown by the HTTP server:
Illuminate\Auth\AuthenticationException: Unauthenticated.

Stack trace:
#0 C:\Users\SEFI-PC\Herd\towerpower\vendor\filament\filament\src\Http\Middleware\Authenticate.php(20): Illuminate\Auth\Middleware\Authenticate->unauthenticated(Object(Illuminate\Http\Request), Array)
#1 C:\Users\SEFI-PC\Herd\towerpower\vendor\laravel\framework\src\Illuminate\Auth\Middleware\Authenticate.php(61): Filament\Http\Middleware\Authenticate->authenticate(Object(Illuminate\Http\Request), Array)
#2 C:\Users\SEFI-PC\Herd\towerpower\vendor\laravel\framework\src\Illuminate\Pipeline\Pipeline.php(219): Illuminate\Auth\Middleware\Authenticate->handle(Object(Illuminate\Http\Request), Object(Closure))
#3 C:\Users\SEFI-PC\Herd\towerpower\vendor\laravel\framework\src\Illuminate\View\Middleware\ShareErrorsFromSession.php(48): Illuminate\Pipeline\Pipeline->{closure:{closure:Illuminate\Pipeline\Pipeline::carry():194}:195}(Object(Illuminate\Http\Request))
#4 C:\Users\SEFI-PC\Herd\towerpower\vendor\laravel\framework\src\Illuminate\Pipeline\Pipeline.php(219): Illuminate\View\Middleware\ShareErrorsFromSession->handle(Object(Illuminate\Http\Request), Object(Closure))
#5 C:\Users\SEFI-PC\Herd\towerpower\vendor\laravel\framework\src\Illuminate\Session\Middleware\StartSession.php(120): Illuminate\Pipeline\Pipeline->{closure:{closure:Illuminate\Pipeline\Pipeline::carry():194}:195}(Object(Illuminate\Http\Request))
#6 C:\Users\SEFI-PC\Herd\towerpower\vendor\laravel\framework\src\Illuminate\Session\Middleware\StartSession.php(63): Illuminate\Session\Middleware\StartSession->handleStatefulRequest(Object(Illuminate\Http\Request), Object(Illuminate\Session\Store), Object(Closure))
#7 C:\Users\SEFI-PC\Herd\towerpower\vendor\laravel\framework\src\Illuminate\Pipeline\Pipeline.php(219): Illuminate\Session\Middleware\StartSession->handle(Object(Illuminate\Http\Request), Object(Closure))
#8 C:\Users\SEFI-PC\Herd\towerpower\vendor\laravel\framework\src\Illuminate\Cookie\Middleware\AddQueuedCookiesToResponse.php(36): Illuminate\Pipeline\Pipeline->{closure:{closure:Illuminate\Pipeline\Pipeline::carry():194}:195}(Object(Illuminate\Http\Request))
#9 C:\Users\SEFI-PC\Herd\towerpower\vendor\laravel\framework\src\Illuminate\Pipeline\Pipeline.php(219): Illuminate\Cookie\Middleware\AddQueuedCookiesToResponse->handle(Object(Illuminate\Http\Request), Object(Closure))
#10 C:\Users\SEFI-PC\Herd\towerpower\vendor\laravel\framework\src\Illuminate\Cookie\Middleware\EncryptCookies.php(74): Illuminate\Pipeline\Pipeline->{closure:{closure:Illuminate\Pipeline\Pipeline::carry():194}:195}(Object(Illuminate\Http\Request))
#11 C:\Users\SEFI-PC\Herd\towerpower\vendor\laravel\framework\src\Illuminate\Pipeline\Pipeline.php(219): Illuminate\Cookie\Middleware\EncryptCookies->handle(Object(Illuminate\Http\Request), Object(Closure))
#12 C:\Users\SEFI-PC\Herd\towerpower\vendor\filament\filament\src\Http\Middleware\SetUpPanel.php(19): Illuminate\Pipeline\Pipeline->{closure:{closure:Illuminate\Pipeline\Pipeline::carry():194}:195}(Object(Illuminate\Http\Request))
#13 C:\Users\SEFI-PC\Herd\towerpower\vendor\laravel\framework\src\Illuminate\Pipeline\Pipeline.php(219): Filament\Http\Middleware\SetUpPanel->handle(Object(Illuminate\Http\Request), Object(Closure), Object(Filament\Panel))
#14 C:\Users\SEFI-PC\Herd\towerpower\vendor\laravel\framework\src\Illuminate\Pipeline\Pipeline.php(137): Illuminate\Pipeline\Pipeline->{closure:{closure:Illuminate\Pipeline\Pipeline::carry():194}:195}(Object(Illuminate\Http\Request))
#15 C:\Users\SEFI-PC\Herd\towerpower\vendor\laravel\framework\src\Illuminate\Routing\Router.php(821): Illuminate\Pipeline\Pipeline->then(Object(Closure))
#16 C:\Users\SEFI-PC\Herd\towerpower\vendor\laravel\framework\src\Illuminate\Routing\Router.php(800): Illuminate\Routing\Router->runRouteWithinStack(Object(Illuminate\Routing\Route), Object(Illuminate\Http\Request))
#17 C:\Users\SEFI-PC\Herd\towerpower\vendor\laravel\framework\src\Illuminate\Routing\Router.php(764): Illuminate\Routing\Router->runRoute(Object(Illuminate\Http\Request), Object(Illuminate\Routing\Route))
#18 C:\Users\SEFI-PC\Herd\towerpower\vendor\laravel\framework\src\Illuminate\Routing\Router.php(753): Illuminate\Routing\Router->dispatchToRoute(Object(Illuminate\Http\Request))
#19 C:\Users\SEFI-PC\Herd\towerpower\vendor\laravel\framework\src\Illuminate\Foundation\Http\Kernel.php(200): Illuminate\Routing\Router->dispatch(Object(Illuminate\Http\Request))
#20 C:\Users\SEFI-PC\Herd\towerpower\vendor\laravel\framework\src\Illuminate\Pipeline\Pipeline.php(180): Illuminate\Foundation\Http\Kernel->{closure:Illuminate\Foundation\Http\Kernel::dispatchToRouter():197}(Object(Illuminate\Http\Request))
#21 C:\Users\SEFI-PC\Herd\towerpower\vendor\livewire\livewire\src\Features\SupportDisablingBackButtonCache\DisableBackButtonCacheMiddleware.php(19): Illuminate\Pipeline\Pipeline->{closure:Illuminate\Pipeline\Pipeline::prepareDestination():178}(Object(Illuminate\Http\Request))
#22 C:\Users\SEFI-PC\Herd\towerpower\vendor\laravel\framework\src\Illuminate\Pipeline\Pipeline.php(219): Livewire\Features\SupportDisablingBackButtonCache\DisableBackButtonCacheMiddleware->handle(Object(Illuminate\Http\Request), Object(Closure))
#23 C:\Users\SEFI-PC\Herd\towerpower\vendor\laravel\framework\src\Illuminate\Foundation\Http\Middleware\TransformsRequest.php(21): Illuminate\Pipeline\Pipeline->{closure:{closure:Illuminate\Pipeline\Pipeline::carry():194}:195}(Object(Illuminate\Http\Request))
#24 C:\Users\SEFI-PC\Herd\towerpower\vendor\laravel\framework\src\Illuminate\Foundation\Http\Middleware\ConvertEmptyStringsToNull.php(31): Illuminate\Foundation\Http\Middleware\TransformsRequest->handle(Object(Illuminate\Http\Request), Object(Closure))
#25 C:\Users\SEFI-PC\Herd\towerpower\vendor\laravel\framework\src\Illuminate\Pipeline\Pipeline.php(219): Illuminate\Foundation\Http\Middleware\ConvertEmptyStringsToNull->handle(Object(Illuminate\Http\Request), Object(Closure))
#26 C:\Users\SEFI-PC\Herd\towerpower\vendor\laravel\framework\src\Illuminate\Foundation\Http\Middleware\TransformsRequest.php(21): Illuminate\Pipeline\Pipeline->{closure:{closure:Illuminate\Pipeline\Pipeline::carry():194}:195}(Object(Illuminate\Http\Request))
#27 C:\Users\SEFI-PC\Herd\towerpower\vendor\laravel\framework\src\Illuminate\Foundation\Http\Middleware\TrimStrings.php(51): Illuminate\Foundation\Http\Middleware\TransformsRequest->handle(Object(Illuminate\Http\Request), Object(Closure))
#28 C:\Users\SEFI-PC\Herd\towerpower\vendor\laravel\framework\src\Illuminate\Pipeline\Pipeline.php(219): Illuminate\Foundation\Http\Middleware\TrimStrings->handle(Object(Illuminate\Http\Request), Object(Closure))
#29 C:\Users\SEFI-PC\Herd\towerpower\vendor\laravel\framework\src\Illuminate\Http\Middleware\ValidatePostSize.php(27): Illuminate\Pipeline\Pipeline->{closure:{closure:Illuminate\Pipeline\Pipeline::carry():194}:195}(Object(Illuminate\Http\Request))
#30 C:\Users\SEFI-PC\Herd\towerpower\vendor\laravel\framework\src\Illuminate\Pipeline\Pipeline.php(219): Illuminate\Http\Middleware\ValidatePostSize->handle(Object(Illuminate\Http\Request), Object(Closure))
#31 C:\Users\SEFI-PC\Herd\towerpower\vendor\laravel\framework\src\Illuminate\Foundation\Http\Middleware\PreventRequestsDuringMaintenance.php(109): Illuminate\Pipeline\Pipeline->{closure:{closure:Illuminate\Pipeline\Pipeline::carry():194}:195}(Object(Illuminate\Http\Request))
#32 C:\Users\SEFI-PC\Herd\towerpower\vendor\laravel\framework\src\Illuminate\Pipeline\Pipeline.php(219): Illuminate\Foundation\Http\Middleware\PreventRequestsDuringMaintenance->handle(Object(Illuminate\Http\Request), Object(Closure))
#33 C:\Users\SEFI-PC\Herd\towerpower\vendor\laravel\framework\src\Illuminate\Http\Middleware\HandleCors.php(74): Illuminate\Pipeline\Pipeline->{closure:{closure:Illuminate\Pipeline\Pipeline::carry():194}:195}(Object(Illuminate\Http\Request))
#34 C:\Users\SEFI-PC\Herd\towerpower\vendor\laravel\framework\src\Illuminate\Pipeline\Pipeline.php(219): Illuminate\Http\Middleware\HandleCors->handle(Object(Illuminate\Http\Request), Object(Closure))
#35 C:\Users\SEFI-PC\Herd\towerpower\vendor\laravel\framework\src\Illuminate\Http\Middleware\TrustProxies.php(58): Illuminate\Pipeline\Pipeline->{closure:{closure:Illuminate\Pipeline\Pipeline::carry():194}:195}(Object(Illuminate\Http\Request))
#36 C:\Users\SEFI-PC\Herd\towerpower\vendor\laravel\framework\src\Illuminate\Pipeline\Pipeline.php(219): Illuminate\Http\Middleware\TrustProxies->handle(Object(Illuminate\Http\Request), Object(Closure))
#37 C:\Users\SEFI-PC\Herd\towerpower\vendor\laravel\framework\src\Illuminate\Foundation\Http\Middleware\InvokeDeferredCallbacks.php(22): Illuminate\Pipeline\Pipeline->{closure:{closure:Illuminate\Pipeline\Pipeline::carry():194}:195}(Object(Illuminate\Http\Request))
#38 C:\Users\SEFI-PC\Herd\towerpower\vendor\laravel\framework\src\Illuminate\Pipeline\Pipeline.php(219): Illuminate\Foundation\Http\Middleware\InvokeDeferredCallbacks->handle(Object(Illuminate\Http\Request), Object(Closure))
#39 C:\Users\SEFI-PC\Herd\towerpower\vendor\laravel\framework\src\Illuminate\Http\Middleware\ValidatePathEncoding.php(28): Illuminate\Pipeline\Pipeline->{closure:{closure:Illuminate\Pipeline\Pipeline::carry():194}:195}(Object(Illuminate\Http\Request))
#40 C:\Users\SEFI-PC\Herd\towerpower\vendor\laravel\framework\src\Illuminate\Pipeline\Pipeline.php(219): Illuminate\Http\Middleware\ValidatePathEncoding->handle(Object(Illuminate\Http\Request), Object(Closure))
#41 C:\Users\SEFI-PC\Herd\towerpower\vendor\laravel\framework\src\Illuminate\Pipeline\Pipeline.php(137): Illuminate\Pipeline\Pipeline->{closure:{closure:Illuminate\Pipeline\Pipeline::carry():194}:195}(Object(Illuminate\Http\Request))
#42 C:\Users\SEFI-PC\Herd\towerpower\vendor\laravel\framework\src\Illuminate\Foundation\Http\Kernel.php(175): Illuminate\Pipeline\Pipeline->then(Object(Closure))
#43 C:\Users\SEFI-PC\Herd\towerpower\vendor\laravel\framework\src\Illuminate\Foundation\Http\Kernel.php(144): Illuminate\Foundation\Http\Kernel->sendRequestThroughRouter(Object(Illuminate\Http\Request))
#44 C:\Users\SEFI-PC\Herd\towerpower\vendor\pestphp\pest-plugin-browser\src\Drivers\LaravelHttpServer.php(279): Illuminate\Foundation\Http\Kernel->handle(Object(Illuminate\Http\Request))
#45 C:\Users\SEFI-PC\Herd\towerpower\vendor\amphp\http-server\src\RequestHandler\ClosureRequestHandler.php(21): Pest\Browser\Drivers\LaravelHttpServer->handleRequest(Object(Amp\Http\Server\Request))
#46 C:\Users\SEFI-PC\Herd\towerpower\vendor\amphp\http-server\src\Middleware\CompressionMiddleware.php(56): Amp\Http\Server\RequestHandler\ClosureRequestHandler->handleRequest(Object(Amp\Http\Server\Request))
#47 C:\Users\SEFI-PC\Herd\towerpower\vendor\amphp\http-server\src\Middleware\Internal\MiddlewareRequestHandler.php(26): Amp\Http\Server\Middleware\CompressionMiddleware->handleRequest(Object(Amp\Http\Server\Request), Object(Amp\Http\Server\RequestHandler\ClosureRequestHandler))
#48 C:\Users\SEFI-PC\Herd\towerpower\vendor\amphp\http-server\src\Middleware\ConcurrencyLimitingMiddleware.php(40): Amp\Http\Server\Middleware\Internal\MiddlewareRequestHandler->handleRequest(Object(Amp\Http\Server\Request))
#49 C:\Users\SEFI-PC\Herd\towerpower\vendor\amphp\http-server\src\Middleware\Internal\MiddlewareRequestHandler.php(26): Amp\Http\Server\Middleware\ConcurrencyLimitingMiddleware->handleRequest(Object(Amp\Http\Server\Request), Object(Amp\Http\Server\Middleware\Internal\MiddlewareRequestHandler))
#50 C:\Users\SEFI-PC\Herd\towerpower\vendor\amphp\http-server\src\Middleware\AllowedMethodsMiddleware.php(59): Amp\Http\Server\Middleware\Internal\MiddlewareRequestHandler->handleRequest(Object(Amp\Http\Server\Request))
#51 C:\Users\SEFI-PC\Herd\towerpower\vendor\amphp\http-server\src\Middleware\Internal\MiddlewareRequestHandler.php(26): Amp\Http\Server\Middleware\AllowedMethodsMiddleware->handleRequest(Object(Amp\Http\Server\Request), Object(Amp\Http\Server\Middleware\Internal\MiddlewareRequestHandler))
#52 C:\Users\SEFI-PC\Herd\towerpower\vendor\amphp\http-server\src\Driver\Internal\AbstractHttpDriver.php(57): Amp\Http\Server\Middleware\Internal\MiddlewareRequestHandler->handleRequest(Object(Amp\Http\Server\Request))
#53 C:\Users\SEFI-PC\Herd\towerpower\vendor\amphp\amp\src\functions.php(33): Amp\Http\Server\Driver\Internal\AbstractHttpDriver->handleRequest(Object(Amp\Http\Server\Request))
#54 C:\Users\SEFI-PC\Herd\towerpower\vendor\revolt\event-loop\src\EventLoop\Internal\AbstractDriver.php(430): {closure:Amp\async():23}(NULL, NULL, Array)
#55 C:\Users\SEFI-PC\Herd\towerpower\vendor\revolt\event-loop\src\EventLoop\Internal\AbstractDriver.php(621): Revolt\EventLoop\Internal\AbstractDriver->invokeMicrotasks()
#56 [internal function]: Revolt\EventLoop\Internal\AbstractDriver->{closure:Revolt\EventLoop\Internal\AbstractDriver::createCallbackFiber():565}()
#57 C:\Users\SEFI-PC\Herd\towerpower\vendor\revolt\event-loop\src\EventLoop\Internal\DriverSuspension.php(64): Fiber->resume(NULL)
#58 C:\Users\SEFI-PC\Herd\towerpower\vendor\revolt\event-loop\src\EventLoop\Internal\AbstractDriver.php(430): Revolt\EventLoop\Internal\DriverSuspension::{closure:Revolt\EventLoop\Internal\DriverSuspension::resume():61}()
#59 C:\Users\SEFI-PC\Herd\towerpower\vendor\revolt\event-loop\src\EventLoop\Internal\AbstractDriver.php(621): Revolt\EventLoop\Internal\AbstractDriver->invokeMicrotasks()
#60 [internal function]: Revolt\EventLoop\Internal\AbstractDriver->{closure:Revolt\EventLoop\Internal\AbstractDriver::createCallbackFiber():565}()
#61 C:\Users\SEFI-PC\Herd\towerpower\vendor\revolt\event-loop\src\EventLoop\Internal\AbstractDriver.php(503): Fiber->start()
#62 C:\Users\SEFI-PC\Herd\towerpower\vendor\revolt\event-loop\src\EventLoop\Internal\AbstractDriver.php(558): Revolt\EventLoop\Internal\AbstractDriver->invokeCallbacks()
#63 [internal function]: Revolt\EventLoop\Internal\AbstractDriver->{closure:Revolt\EventLoop\Internal\AbstractDriver::createLoopFiber():538}()
#64 C:\Users\SEFI-PC\Herd\towerpower\vendor\revolt\event-loop\src\EventLoop\Internal\AbstractDriver.php(96): Fiber->resume()
#65 C:\Users\SEFI-PC\Herd\towerpower\vendor\revolt\event-loop\src\EventLoop\Internal\DriverSuspension.php(117): Revolt\EventLoop\Internal\AbstractDriver->{closure:Revolt\EventLoop\Internal\AbstractDriver::__construct():90}()
#66 C:\Users\SEFI-PC\Herd\towerpower\vendor\amphp\pipeline\src\Internal\QueueState.php(128): Revolt\EventLoop\Internal\DriverSuspension->suspend()
#67 C:\Users\SEFI-PC\Herd\towerpower\vendor\amphp\pipeline\src\Internal\ConcurrentQueueIterator.php(30): Amp\Pipeline\Internal\QueueState->continue(NULL)
#68 C:\Users\SEFI-PC\Herd\towerpower\vendor\amphp\websocket\src\Rfc6455Client.php(92): Amp\Pipeline\Internal\ConcurrentQueueIterator->continue(NULL)
#69 C:\Users\SEFI-PC\Herd\towerpower\vendor\amphp\websocket-client\src\Rfc6455Connection.php(44): Amp\Websocket\Rfc6455Client->receive(NULL)
#70 C:\Users\SEFI-PC\Herd\towerpower\vendor\pestphp\pest-plugin-browser\src\Playwright\Client.php(136): Amp\Websocket\Client\Rfc6455Connection->receive()
#71 C:\Users\SEFI-PC\Herd\towerpower\vendor\pestphp\pest-plugin-browser\src\Playwright\Client.php(90): Pest\Browser\Playwright\Client->fetch(Object(Amp\Websocket\Client\Rfc6455Connection))
#72 [internal function]: Pest\Browser\Playwright\Client->execute('frame@21c8f2cc6...', 'goto', Array)
#73 C:\Users\SEFI-PC\Herd\towerpower\vendor\pestphp\pest-plugin-browser\src\Playwright\Concerns\InteractsWithPlaywright.php(123): iterator_to_array(Object(Generator))
#74 C:\Users\SEFI-PC\Herd\towerpower\vendor\pestphp\pest-plugin-browser\src\Playwright\Page.php(99): Pest\Browser\Playwright\Page->processVoidResponse(Object(Generator))
#75 C:\Users\SEFI-PC\Herd\towerpower\vendor\pestphp\pest-plugin-browser\src\Api\Concerns\InteractsWithToolbar.php(34): Pest\Browser\Playwright\Page->goto('http://127.0.0....', Array)
#76 C:\Users\SEFI-PC\Herd\towerpower\vendor\pestphp\pest-plugin-browser\src\Api\AwaitableWebpage.php(55): Pest\Browser\Api\Webpage->navigate('http://127.0.0....')
#77 C:\Users\SEFI-PC\Herd\towerpower\vendor\pestphp\pest-plugin-browser\src\Playwright\Playwright.php(230): Pest\Browser\Api\AwaitableWebpage->{closure:Pest\Browser\Api\AwaitableWebpage::__call():55}()
#78 C:\Users\SEFI-PC\Herd\towerpower\vendor\pestphp\pest-plugin-browser\src\Execution.php(149): Pest\Browser\Playwright\Playwright::usingTimeout(1000, Object(Closure))
#79 C:\Users\SEFI-PC\Herd\towerpower\vendor\pestphp\pest-plugin-browser\src\Api\AwaitableWebpage.php(53): Pest\Browser\Execution->waitForExpectation(Object(Closure))
#80 C:\Users\SEFI-PC\Herd\towerpower\tests\Browser\app\Filament\Resources\Roles\RoleResourcesTest.php(103): Pest\Browser\Api\AwaitableWebpage->__call('navigate', Array)
#81 C:\Users\SEFI-PC\Herd\towerpower\vendor\pestphp\pest\src\Factories\TestCaseMethodFactory.php(172): P\Tests\Browser\app\Filament\Resources\Roles\RoleResourcesTest->{closure:C:\Users\SEFI-PC\Herd\towerpower\tests\Browser\app\Filament\Resources\Roles\RoleResourcesTest.php:95}()
#82 [internal function]: P\Tests\Browser\app\Filament\Resources\Roles\RoleResourcesTest->{closure:Pest\Factories\TestCaseMethodFactory::getClosure():162}()
#83 C:\Users\SEFI-PC\Herd\towerpower\vendor\pestphp\pest\src\Concerns\Testable.php(429): call_user_func_array(Object(Closure), Array)
#84 C:\Users\SEFI-PC\Herd\towerpower\vendor\pestphp\pest\src\Support\ExceptionTrace.php(26): P\Tests\Browser\app\Filament\Resources\Roles\RoleResourcesTest->{closure:Pest\Concerns\Testable::__callClosure():429}()
#85 C:\Users\SEFI-PC\Herd\towerpower\vendor\pestphp\pest\src\Concerns\Testable.php(429): Pest\Support\ExceptionTrace::ensure(Object(Closure))
#86 C:\Users\SEFI-PC\Herd\towerpower\vendor\pestphp\pest\src\Concerns\Testable.php(331): P\Tests\Browser\app\Filament\Resources\Roles\RoleResourcesTest->__callClosure(Object(Closure), Array)
#87 C:\Users\SEFI-PC\Herd\towerpower\vendor\pestphp\pest\src\Factories\TestCaseFactory.php(170) : eval()'d code(62): P\Tests\Browser\app\Filament\Resources\Roles\RoleResourcesTest->__runTest(Object(Closure))
#88 C:\Users\SEFI-PC\Herd\towerpower\vendor\phpunit\phpunit\src\Framework\TestCase.php(1332): P\Tests\Browser\app\Filament\Resources\Roles\RoleResourcesTest->__pest_evaluable_Super_User_can_update_an_existing_Role_by_clicking_the__Edit__button_on_the_Role_row_on_the_roles_admin_page___admin_roles__and_filling_the_form()
#89 C:\Users\SEFI-PC\Herd\towerpower\vendor\phpunit\phpunit\src\Framework\TestCase.php(519): PHPUnit\Framework\TestCase->runTest()
#90 C:\Users\SEFI-PC\Herd\towerpower\vendor\phpunit\phpunit\src\Framework\TestRunner\TestRunner.php(99): PHPUnit\Framework\TestCase->runBare()
#91 C:\Users\SEFI-PC\Herd\towerpower\vendor\phpunit\phpunit\src\Framework\TestCase.php(359): PHPUnit\Framework\TestRunner->run(Object(P\Tests\Browser\app\Filament\Resources\Roles\RoleResourcesTest))
#92 C:\Users\SEFI-PC\Herd\towerpower\vendor\phpunit\phpunit\src\Framework\TestSuite.php(374): PHPUnit\Framework\TestCase->run()
#93 C:\Users\SEFI-PC\Herd\towerpower\vendor\phpunit\phpunit\src\TextUI\TestRunner.php(64): PHPUnit\Framework\TestSuite->run()
#94 C:\Users\SEFI-PC\Herd\towerpower\vendor\phpunit\phpunit\src\TextUI\Application.php(229): PHPUnit\TextUI\TestRunner->run(Object(PHPUnit\TextUI\Configuration\Configuration), Object(PHPUnit\Runner\ResultCache\DefaultResultCache), Object(PHPUnit\Framework\TestSuite))
#95 C:\Users\SEFI-PC\Herd\towerpower\vendor\pestphp\pest\src\Kernel.php(103): PHPUnit\TextUI\Application->run(Array)
#96 C:\Users\SEFI-PC\Herd\towerpower\vendor\pestphp\pest\bin\pest(184): Pest\Kernel->handle(Array, Array)
#97 C:\Users\SEFI-PC\Herd\towerpower\vendor\pestphp\pest\bin\pest(192): {closure:C:\Users\SEFI-PC\Herd\towerpower\vendor\pestphp\pest\bin\pest:18}()
#98 {main}

  at tests\Browser\app\Filament\Resources\Roles\RoleResourcesTest.php:104
    100Γצץ     $page->fill('#form\.email', 'super_role_update@example.com')
    101Γצץ         ->fill('#form\.password', 'password')
    102Γצץ         ->click('button[type="submit"]')
    103Γצץ         ->navigate('/admin/roles')
  Γ₧£ 104Γצץ         ->waitForText('Support')
    105Γצץ         ->click('a[href$="/roles/'.$role->id.'"]')
    106Γצץ         ->waitForText('Edit Role')
    107Γצץ         ->fill('name', 'Senior Support')
    108Γצץ         ->click('button:has-text("Save changes")')

  ΓפאΓפאΓפאΓפאΓפאΓפאΓפאΓפאΓפאΓפאΓפאΓפאΓפאΓפאΓפאΓפאΓפאΓפאΓפאΓפאΓפאΓפאΓפאΓפאΓפאΓפאΓפא  
   FAILED  Tests\Browser\apΓאª   
  Timeout 5000ms exceeded. A screenshot of the page has been saved to [Tests/Browser/Screenshots/Super_User_can_update_an_existing_Role_by_clicking_the__Edit_Role__button_on_the_Role_on_the_role_s_details_admin_page___admin_roles__role__id__view__and_filling_the_form].

The following exception was thrown by the HTTP server:
Illuminate\Auth\AuthenticationException: Unauthenticated.

Stack trace:
#0 C:\Users\SEFI-PC\Herd\towerpower\vendor\filament\filament\src\Http\Middleware\Authenticate.php(20): Illuminate\Auth\Middleware\Authenticate->unauthenticated(Object(Illuminate\Http\Request), Array)
#1 C:\Users\SEFI-PC\Herd\towerpower\vendor\laravel\framework\src\Illuminate\Auth\Middleware\Authenticate.php(61): Filament\Http\Middleware\Authenticate->authenticate(Object(Illuminate\Http\Request), Array)
#2 C:\Users\SEFI-PC\Herd\towerpower\vendor\laravel\framework\src\Illuminate\Pipeline\Pipeline.php(219): Illuminate\Auth\Middleware\Authenticate->handle(Object(Illuminate\Http\Request), Object(Closure))
#3 C:\Users\SEFI-PC\Herd\towerpower\vendor\laravel\framework\src\Illuminate\View\Middleware\ShareErrorsFromSession.php(48): Illuminate\Pipeline\Pipeline->{closure:{closure:Illuminate\Pipeline\Pipeline::carry():194}:195}(Object(Illuminate\Http\Request))
#4 C:\Users\SEFI-PC\Herd\towerpower\vendor\laravel\framework\src\Illuminate\Pipeline\Pipeline.php(219): Illuminate\View\Middleware\ShareErrorsFromSession->handle(Object(Illuminate\Http\Request), Object(Closure))
#5 C:\Users\SEFI-PC\Herd\towerpower\vendor\laravel\framework\src\Illuminate\Session\Middleware\StartSession.php(120): Illuminate\Pipeline\Pipeline->{closure:{closure:Illuminate\Pipeline\Pipeline::carry():194}:195}(Object(Illuminate\Http\Request))
#6 C:\Users\SEFI-PC\Herd\towerpower\vendor\laravel\framework\src\Illuminate\Session\Middleware\StartSession.php(63): Illuminate\Session\Middleware\StartSession->handleStatefulRequest(Object(Illuminate\Http\Request), Object(Illuminate\Session\Store), Object(Closure))
#7 C:\Users\SEFI-PC\Herd\towerpower\vendor\laravel\framework\src\Illuminate\Pipeline\Pipeline.php(219): Illuminate\Session\Middleware\StartSession->handle(Object(Illuminate\Http\Request), Object(Closure))
#8 C:\Users\SEFI-PC\Herd\towerpower\vendor\laravel\framework\src\Illuminate\Cookie\Middleware\AddQueuedCookiesToResponse.php(36): Illuminate\Pipeline\Pipeline->{closure:{closure:Illuminate\Pipeline\Pipeline::carry():194}:195}(Object(Illuminate\Http\Request))
#9 C:\Users\SEFI-PC\Herd\towerpower\vendor\laravel\framework\src\Illuminate\Pipeline\Pipeline.php(219): Illuminate\Cookie\Middleware\AddQueuedCookiesToResponse->handle(Object(Illuminate\Http\Request), Object(Closure))
#10 C:\Users\SEFI-PC\Herd\towerpower\vendor\laravel\framework\src\Illuminate\Cookie\Middleware\EncryptCookies.php(74): Illuminate\Pipeline\Pipeline->{closure:{closure:Illuminate\Pipeline\Pipeline::carry():194}:195}(Object(Illuminate\Http\Request))
#11 C:\Users\SEFI-PC\Herd\towerpower\vendor\laravel\framework\src\Illuminate\Pipeline\Pipeline.php(219): Illuminate\Cookie\Middleware\EncryptCookies->handle(Object(Illuminate\Http\Request), Object(Closure))
#12 C:\Users\SEFI-PC\Herd\towerpower\vendor\filament\filament\src\Http\Middleware\SetUpPanel.php(19): Illuminate\Pipeline\Pipeline->{closure:{closure:Illuminate\Pipeline\Pipeline::carry():194}:195}(Object(Illuminate\Http\Request))
#13 C:\Users\SEFI-PC\Herd\towerpower\vendor\laravel\framework\src\Illuminate\Pipeline\Pipeline.php(219): Filament\Http\Middleware\SetUpPanel->handle(Object(Illuminate\Http\Request), Object(Closure), Object(Filament\Panel))
#14 C:\Users\SEFI-PC\Herd\towerpower\vendor\laravel\framework\src\Illuminate\Pipeline\Pipeline.php(137): Illuminate\Pipeline\Pipeline->{closure:{closure:Illuminate\Pipeline\Pipeline::carry():194}:195}(Object(Illuminate\Http\Request))
#15 C:\Users\SEFI-PC\Herd\towerpower\vendor\laravel\framework\src\Illuminate\Routing\Router.php(821): Illuminate\Pipeline\Pipeline->then(Object(Closure))
#16 C:\Users\SEFI-PC\Herd\towerpower\vendor\laravel\framework\src\Illuminate\Routing\Router.php(800): Illuminate\Routing\Router->runRouteWithinStack(Object(Illuminate\Routing\Route), Object(Illuminate\Http\Request))
#17 C:\Users\SEFI-PC\Herd\towerpower\vendor\laravel\framework\src\Illuminate\Routing\Router.php(764): Illuminate\Routing\Router->runRoute(Object(Illuminate\Http\Request), Object(Illuminate\Routing\Route))
#18 C:\Users\SEFI-PC\Herd\towerpower\vendor\laravel\framework\src\Illuminate\Routing\Router.php(753): Illuminate\Routing\Router->dispatchToRoute(Object(Illuminate\Http\Request))
#19 C:\Users\SEFI-PC\Herd\towerpower\vendor\laravel\framework\src\Illuminate\Foundation\Http\Kernel.php(200): Illuminate\Routing\Router->dispatch(Object(Illuminate\Http\Request))
#20 C:\Users\SEFI-PC\Herd\towerpower\vendor\laravel\framework\src\Illuminate\Pipeline\Pipeline.php(180): Illuminate\Foundation\Http\Kernel->{closure:Illuminate\Foundation\Http\Kernel::dispatchToRouter():197}(Object(Illuminate\Http\Request))
#21 C:\Users\SEFI-PC\Herd\towerpower\vendor\livewire\livewire\src\Features\SupportDisablingBackButtonCache\DisableBackButtonCacheMiddleware.php(19): Illuminate\Pipeline\Pipeline->{closure:Illuminate\Pipeline\Pipeline::prepareDestination():178}(Object(Illuminate\Http\Request))
#22 C:\Users\SEFI-PC\Herd\towerpower\vendor\laravel\framework\src\Illuminate\Pipeline\Pipeline.php(219): Livewire\Features\SupportDisablingBackButtonCache\DisableBackButtonCacheMiddleware->handle(Object(Illuminate\Http\Request), Object(Closure))
#23 C:\Users\SEFI-PC\Herd\towerpower\vendor\laravel\framework\src\Illuminate\Foundation\Http\Middleware\TransformsRequest.php(21): Illuminate\Pipeline\Pipeline->{closure:{closure:Illuminate\Pipeline\Pipeline::carry():194}:195}(Object(Illuminate\Http\Request))
#24 C:\Users\SEFI-PC\Herd\towerpower\vendor\laravel\framework\src\Illuminate\Foundation\Http\Middleware\ConvertEmptyStringsToNull.php(31): Illuminate\Foundation\Http\Middleware\TransformsRequest->handle(Object(Illuminate\Http\Request), Object(Closure))
#25 C:\Users\SEFI-PC\Herd\towerpower\vendor\laravel\framework\src\Illuminate\Pipeline\Pipeline.php(219): Illuminate\Foundation\Http\Middleware\ConvertEmptyStringsToNull->handle(Object(Illuminate\Http\Request), Object(Closure))
#26 C:\Users\SEFI-PC\Herd\towerpower\vendor\laravel\framework\src\Illuminate\Foundation\Http\Middleware\TransformsRequest.php(21): Illuminate\Pipeline\Pipeline->{closure:{closure:Illuminate\Pipeline\Pipeline::carry():194}:195}(Object(Illuminate\Http\Request))
#27 C:\Users\SEFI-PC\Herd\towerpower\vendor\laravel\framework\src\Illuminate\Foundation\Http\Middleware\TrimStrings.php(51): Illuminate\Foundation\Http\Middleware\TransformsRequest->handle(Object(Illuminate\Http\Request), Object(Closure))
#28 C:\Users\SEFI-PC\Herd\towerpower\vendor\laravel\framework\src\Illuminate\Pipeline\Pipeline.php(219): Illuminate\Foundation\Http\Middleware\TrimStrings->handle(Object(Illuminate\Http\Request), Object(Closure))
#29 C:\Users\SEFI-PC\Herd\towerpower\vendor\laravel\framework\src\Illuminate\Http\Middleware\ValidatePostSize.php(27): Illuminate\Pipeline\Pipeline->{closure:{closure:Illuminate\Pipeline\Pipeline::carry():194}:195}(Object(Illuminate\Http\Request))
#30 C:\Users\SEFI-PC\Herd\towerpower\vendor\laravel\framework\src\Illuminate\Pipeline\Pipeline.php(219): Illuminate\Http\Middleware\ValidatePostSize->handle(Object(Illuminate\Http\Request), Object(Closure))
#31 C:\Users\SEFI-PC\Herd\towerpower\vendor\laravel\framework\src\Illuminate\Foundation\Http\Middleware\PreventRequestsDuringMaintenance.php(109): Illuminate\Pipeline\Pipeline->{closure:{closure:Illuminate\Pipeline\Pipeline::carry():194}:195}(Object(Illuminate\Http\Request))
#32 C:\Users\SEFI-PC\Herd\towerpower\vendor\laravel\framework\src\Illuminate\Pipeline\Pipeline.php(219): Illuminate\Foundation\Http\Middleware\PreventRequestsDuringMaintenance->handle(Object(Illuminate\Http\Request), Object(Closure))
#33 C:\Users\SEFI-PC\Herd\towerpower\vendor\laravel\framework\src\Illuminate\Http\Middleware\HandleCors.php(74): Illuminate\Pipeline\Pipeline->{closure:{closure:Illuminate\Pipeline\Pipeline::carry():194}:195}(Object(Illuminate\Http\Request))
#34 C:\Users\SEFI-PC\Herd\towerpower\vendor\laravel\framework\src\Illuminate\Pipeline\Pipeline.php(219): Illuminate\Http\Middleware\HandleCors->handle(Object(Illuminate\Http\Request), Object(Closure))
#35 C:\Users\SEFI-PC\Herd\towerpower\vendor\laravel\framework\src\Illuminate\Http\Middleware\TrustProxies.php(58): Illuminate\Pipeline\Pipeline->{closure:{closure:Illuminate\Pipeline\Pipeline::carry():194}:195}(Object(Illuminate\Http\Request))
#36 C:\Users\SEFI-PC\Herd\towerpower\vendor\laravel\framework\src\Illuminate\Pipeline\Pipeline.php(219): Illuminate\Http\Middleware\TrustProxies->handle(Object(Illuminate\Http\Request), Object(Closure))
#37 C:\Users\SEFI-PC\Herd\towerpower\vendor\laravel\framework\src\Illuminate\Foundation\Http\Middleware\InvokeDeferredCallbacks.php(22): Illuminate\Pipeline\Pipeline->{closure:{closure:Illuminate\Pipeline\Pipeline::carry():194}:195}(Object(Illuminate\Http\Request))
#38 C:\Users\SEFI-PC\Herd\towerpower\vendor\laravel\framework\src\Illuminate\Pipeline\Pipeline.php(219): Illuminate\Foundation\Http\Middleware\InvokeDeferredCallbacks->handle(Object(Illuminate\Http\Request), Object(Closure))
#39 C:\Users\SEFI-PC\Herd\towerpower\vendor\laravel\framework\src\Illuminate\Http\Middleware\ValidatePathEncoding.php(28): Illuminate\Pipeline\Pipeline->{closure:{closure:Illuminate\Pipeline\Pipeline::carry():194}:195}(Object(Illuminate\Http\Request))
#40 C:\Users\SEFI-PC\Herd\towerpower\vendor\laravel\framework\src\Illuminate\Pipeline\Pipeline.php(219): Illuminate\Http\Middleware\ValidatePathEncoding->handle(Object(Illuminate\Http\Request), Object(Closure))
#41 C:\Users\SEFI-PC\Herd\towerpower\vendor\laravel\framework\src\Illuminate\Pipeline\Pipeline.php(137): Illuminate\Pipeline\Pipeline->{closure:{closure:Illuminate\Pipeline\Pipeline::carry():194}:195}(Object(Illuminate\Http\Request))
#42 C:\Users\SEFI-PC\Herd\towerpower\vendor\laravel\framework\src\Illuminate\Foundation\Http\Kernel.php(175): Illuminate\Pipeline\Pipeline->then(Object(Closure))
#43 C:\Users\SEFI-PC\Herd\towerpower\vendor\laravel\framework\src\Illuminate\Foundation\Http\Kernel.php(144): Illuminate\Foundation\Http\Kernel->sendRequestThroughRouter(Object(Illuminate\Http\Request))
#44 C:\Users\SEFI-PC\Herd\towerpower\vendor\pestphp\pest-plugin-browser\src\Drivers\LaravelHttpServer.php(279): Illuminate\Foundation\Http\Kernel->handle(Object(Illuminate\Http\Request))
#45 C:\Users\SEFI-PC\Herd\towerpower\vendor\amphp\http-server\src\RequestHandler\ClosureRequestHandler.php(21): Pest\Browser\Drivers\LaravelHttpServer->handleRequest(Object(Amp\Http\Server\Request))
#46 C:\Users\SEFI-PC\Herd\towerpower\vendor\amphp\http-server\src\Middleware\CompressionMiddleware.php(56): Amp\Http\Server\RequestHandler\ClosureRequestHandler->handleRequest(Object(Amp\Http\Server\Request))
#47 C:\Users\SEFI-PC\Herd\towerpower\vendor\amphp\http-server\src\Middleware\Internal\MiddlewareRequestHandler.php(26): Amp\Http\Server\Middleware\CompressionMiddleware->handleRequest(Object(Amp\Http\Server\Request), Object(Amp\Http\Server\RequestHandler\ClosureRequestHandler))
#48 C:\Users\SEFI-PC\Herd\towerpower\vendor\amphp\http-server\src\Middleware\ConcurrencyLimitingMiddleware.php(40): Amp\Http\Server\Middleware\Internal\MiddlewareRequestHandler->handleRequest(Object(Amp\Http\Server\Request))
#49 C:\Users\SEFI-PC\Herd\towerpower\vendor\amphp\http-server\src\Middleware\Internal\MiddlewareRequestHandler.php(26): Amp\Http\Server\Middleware\ConcurrencyLimitingMiddleware->handleRequest(Object(Amp\Http\Server\Request), Object(Amp\Http\Server\Middleware\Internal\MiddlewareRequestHandler))
#50 C:\Users\SEFI-PC\Herd\towerpower\vendor\amphp\http-server\src\Middleware\AllowedMethodsMiddleware.php(59): Amp\Http\Server\Middleware\Internal\MiddlewareRequestHandler->handleRequest(Object(Amp\Http\Server\Request))
#51 C:\Users\SEFI-PC\Herd\towerpower\vendor\amphp\http-server\src\Middleware\Internal\MiddlewareRequestHandler.php(26): Amp\Http\Server\Middleware\AllowedMethodsMiddleware->handleRequest(Object(Amp\Http\Server\Request), Object(Amp\Http\Server\Middleware\Internal\MiddlewareRequestHandler))
#52 C:\Users\SEFI-PC\Herd\towerpower\vendor\amphp\http-server\src\Driver\Internal\AbstractHttpDriver.php(57): Amp\Http\Server\Middleware\Internal\MiddlewareRequestHandler->handleRequest(Object(Amp\Http\Server\Request))
#53 C:\Users\SEFI-PC\Herd\towerpower\vendor\amphp\amp\src\functions.php(33): Amp\Http\Server\Driver\Internal\AbstractHttpDriver->handleRequest(Object(Amp\Http\Server\Request))
#54 C:\Users\SEFI-PC\Herd\towerpower\vendor\revolt\event-loop\src\EventLoop\Internal\AbstractDriver.php(430): {closure:Amp\async():23}(NULL, NULL, Array)
#55 C:\Users\SEFI-PC\Herd\towerpower\vendor\revolt\event-loop\src\EventLoop\Internal\AbstractDriver.php(621): Revolt\EventLoop\Internal\AbstractDriver->invokeMicrotasks()
#56 [internal function]: Revolt\EventLoop\Internal\AbstractDriver->{closure:Revolt\EventLoop\Internal\AbstractDriver::createCallbackFiber():565}()
#57 C:\Users\SEFI-PC\Herd\towerpower\vendor\revolt\event-loop\src\EventLoop\Internal\DriverSuspension.php(64): Fiber->resume(NULL)
#58 C:\Users\SEFI-PC\Herd\towerpower\vendor\revolt\event-loop\src\EventLoop\Internal\AbstractDriver.php(430): Revolt\EventLoop\Internal\DriverSuspension::{closure:Revolt\EventLoop\Internal\DriverSuspension::resume():61}()
#59 C:\Users\SEFI-PC\Herd\towerpower\vendor\revolt\event-loop\src\EventLoop\Internal\AbstractDriver.php(621): Revolt\EventLoop\Internal\AbstractDriver->invokeMicrotasks()
#60 [internal function]: Revolt\EventLoop\Internal\AbstractDriver->{closure:Revolt\EventLoop\Internal\AbstractDriver::createCallbackFiber():565}()
#61 C:\Users\SEFI-PC\Herd\towerpower\vendor\revolt\event-loop\src\EventLoop\Internal\AbstractDriver.php(503): Fiber->start()
#62 C:\Users\SEFI-PC\Herd\towerpower\vendor\revolt\event-loop\src\EventLoop\Internal\AbstractDriver.php(558): Revolt\EventLoop\Internal\AbstractDriver->invokeCallbacks()
#63 [internal function]: Revolt\EventLoop\Internal\AbstractDriver->{closure:Revolt\EventLoop\Internal\AbstractDriver::createLoopFiber():538}()
#64 C:\Users\SEFI-PC\Herd\towerpower\vendor\revolt\event-loop\src\EventLoop\Internal\AbstractDriver.php(96): Fiber->resume()
#65 C:\Users\SEFI-PC\Herd\towerpower\vendor\revolt\event-loop\src\EventLoop\Internal\DriverSuspension.php(117): Revolt\EventLoop\Internal\AbstractDriver->{closure:Revolt\EventLoop\Internal\AbstractDriver::__construct():90}()
#66 C:\Users\SEFI-PC\Herd\towerpower\vendor\amphp\pipeline\src\Internal\QueueState.php(128): Revolt\EventLoop\Internal\DriverSuspension->suspend()
#67 C:\Users\SEFI-PC\Herd\towerpower\vendor\amphp\pipeline\src\Internal\ConcurrentQueueIterator.php(30): Amp\Pipeline\Internal\QueueState->continue(NULL)
#68 C:\Users\SEFI-PC\Herd\towerpower\vendor\amphp\websocket\src\Rfc6455Client.php(92): Amp\Pipeline\Internal\ConcurrentQueueIterator->continue(NULL)
#69 C:\Users\SEFI-PC\Herd\towerpower\vendor\amphp\websocket-client\src\Rfc6455Connection.php(44): Amp\Websocket\Rfc6455Client->receive(NULL)
#70 C:\Users\SEFI-PC\Herd\towerpower\vendor\pestphp\pest-plugin-browser\src\Playwright\Client.php(136): Amp\Websocket\Client\Rfc6455Connection->receive()
#71 C:\Users\SEFI-PC\Herd\towerpower\vendor\pestphp\pest-plugin-browser\src\Playwright\Client.php(90): Pest\Browser\Playwright\Client->fetch(Object(Amp\Websocket\Client\Rfc6455Connection))
#72 [internal function]: Pest\Browser\Playwright\Client->execute('frame@71a1139a1...', 'goto', Array)
#73 C:\Users\SEFI-PC\Herd\towerpower\vendor\pestphp\pest-plugin-browser\src\Playwright\Concerns\InteractsWithPlaywright.php(123): iterator_to_array(Object(Generator))
#74 C:\Users\SEFI-PC\Herd\towerpower\vendor\pestphp\pest-plugin-browser\src\Playwright\Page.php(99): Pest\Browser\Playwright\Page->processVoidResponse(Object(Generator))
#75 C:\Users\SEFI-PC\Herd\towerpower\vendor\pestphp\pest-plugin-browser\src\Api\Concerns\InteractsWithToolbar.php(34): Pest\Browser\Playwright\Page->goto('http://127.0.0....', Array)
#76 C:\Users\SEFI-PC\Herd\towerpower\vendor\pestphp\pest-plugin-browser\src\Api\AwaitableWebpage.php(55): Pest\Browser\Api\Webpage->navigate('http://127.0.0....')
#77 C:\Users\SEFI-PC\Herd\towerpower\vendor\pestphp\pest-plugin-browser\src\Playwright\Playwright.php(230): Pest\Browser\Api\AwaitableWebpage->{closure:Pest\Browser\Api\AwaitableWebpage::__call():55}()
#78 C:\Users\SEFI-PC\Herd\towerpower\vendor\pestphp\pest-plugin-browser\src\Execution.php(149): Pest\Browser\Playwright\Playwright::usingTimeout(1000, Object(Closure))
#79 C:\Users\SEFI-PC\Herd\towerpower\vendor\pestphp\pest-plugin-browser\src\Api\AwaitableWebpage.php(53): Pest\Browser\Execution->waitForExpectation(Object(Closure))
#80 C:\Users\SEFI-PC\Herd\towerpower\tests\Browser\app\Filament\Resources\Roles\RoleResourcesTest.php(124): Pest\Browser\Api\AwaitableWebpage->__call('navigate', Array)
#81 C:\Users\SEFI-PC\Herd\towerpower\vendor\pestphp\pest\src\Factories\TestCaseMethodFactory.php(172): P\Tests\Browser\app\Filament\Resources\Roles\RoleResourcesTest->{closure:C:\Users\SEFI-PC\Herd\towerpower\tests\Browser\app\Filament\Resources\Roles\RoleResourcesTest.php:116}()
#82 [internal function]: P\Tests\Browser\app\Filament\Resources\Roles\RoleResourcesTest->{closure:Pest\Factories\TestCaseMethodFactory::getClosure():162}()
#83 C:\Users\SEFI-PC\Herd\towerpower\vendor\pestphp\pest\src\Concerns\Testable.php(429): call_user_func_array(Object(Closure), Array)
#84 C:\Users\SEFI-PC\Herd\towerpower\vendor\pestphp\pest\src\Support\ExceptionTrace.php(26): P\Tests\Browser\app\Filament\Resources\Roles\RoleResourcesTest->{closure:Pest\Concerns\Testable::__callClosure():429}()
#85 C:\Users\SEFI-PC\Herd\towerpower\vendor\pestphp\pest\src\Concerns\Testable.php(429): Pest\Support\ExceptionTrace::ensure(Object(Closure))
#86 C:\Users\SEFI-PC\Herd\towerpower\vendor\pestphp\pest\src\Concerns\Testable.php(331): P\Tests\Browser\app\Filament\Resources\Roles\RoleResourcesTest->__callClosure(Object(Closure), Array)
#87 C:\Users\SEFI-PC\Herd\towerpower\vendor\pestphp\pest\src\Factories\TestCaseFactory.php(170) : eval()'d code(71): P\Tests\Browser\app\Filament\Resources\Roles\RoleResourcesTest->__runTest(Object(Closure))
#88 C:\Users\SEFI-PC\Herd\towerpower\vendor\phpunit\phpunit\src\Framework\TestCase.php(1332): P\Tests\Browser\app\Filament\Resources\Roles\RoleResourcesTest->__pest_evaluable_Super_User_can_update_an_existing_Role_by_clicking_the__Edit_Role__button_on_the_Role_on_the_role_s_details_admin_page___admin_roles__role__id__view__and_filling_the_form()
#89 C:\Users\SEFI-PC\Herd\towerpower\vendor\phpunit\phpunit\src\Framework\TestCase.php(519): PHPUnit\Framework\TestCase->runTest()
#90 C:\Users\SEFI-PC\Herd\towerpower\vendor\phpunit\phpunit\src\Framework\TestRunner\TestRunner.php(99): PHPUnit\Framework\TestCase->runBare()
#91 C:\Users\SEFI-PC\Herd\towerpower\vendor\phpunit\phpunit\src\Framework\TestCase.php(359): PHPUnit\Framework\TestRunner->run(Object(P\Tests\Browser\app\Filament\Resources\Roles\RoleResourcesTest))
#92 C:\Users\SEFI-PC\Herd\towerpower\vendor\phpunit\phpunit\src\Framework\TestSuite.php(374): PHPUnit\Framework\TestCase->run()
#93 C:\Users\SEFI-PC\Herd\towerpower\vendor\phpunit\phpunit\src\TextUI\TestRunner.php(64): PHPUnit\Framework\TestSuite->run()
#94 C:\Users\SEFI-PC\Herd\towerpower\vendor\phpunit\phpunit\src\TextUI\Application.php(229): PHPUnit\TextUI\TestRunner->run(Object(PHPUnit\TextUI\Configuration\Configuration), Object(PHPUnit\Runner\ResultCache\DefaultResultCache), Object(PHPUnit\Framework\TestSuite))
#95 C:\Users\SEFI-PC\Herd\towerpower\vendor\pestphp\pest\src\Kernel.php(103): PHPUnit\TextUI\Application->run(Array)
#96 C:\Users\SEFI-PC\Herd\towerpower\vendor\pestphp\pest\bin\pest(184): Pest\Kernel->handle(Array, Array)
#97 C:\Users\SEFI-PC\Herd\towerpower\vendor\pestphp\pest\bin\pest(192): {closure:C:\Users\SEFI-PC\Herd\towerpower\vendor\pestphp\pest\bin\pest:18}()
#98 {main}

  at tests\Browser\app\Filament\Resources\Roles\RoleResourcesTest.php:125
    121Γצץ     $page->fill('#form\.email', 'super_role_update_from_view@example.com')
    122Γצץ         ->fill('#form\.password', 'password')
    123Γצץ         ->click('button[type="submit"]')
    124Γצץ         ->navigate("/admin/roles/{$role->id}/view")
  Γ₧£ 125Γצץ         ->click('a:has-text("Edit")')
    126Γצץ         ->waitForText('Edit Role')
    127Γצץ         ->fill('name', 'Visitor')
    128Γצץ         ->click('button:has-text("Save changes")')
    129Γצץ         ->waitForText('Saved');

  ΓפאΓפאΓפאΓפאΓפאΓפאΓפאΓפאΓפאΓפאΓפאΓפאΓפאΓפאΓפאΓפאΓפאΓפאΓפאΓפאΓפאΓפאΓפאΓפאΓפאΓפאΓפא  
   FAILED  Tests\Browser\apΓאª   
  Error: strict mode violation: locator('button:has-text("Delete")') resolved to 7 elements:
    1) <button type="button" wire:loading.attr="disabled" x-show="getSelectedRecordsCount()" x-on:click="mountAction('delete', {}, JSON.parse('{\u0022table\u0022:true,\u0022bulk\u0022:true}'))" wire:target="mountAction('delete', {}, JSON.parse('{\u0022table\u0022:true,\u0022bulk\u0022:true}'))" class="fi-color fi-color-danger fi-text-color-600 hover:fi-text-color-700 dark:fi-text-color-400 dark:hover:fi-text-color-400 fi-dropdown-list-item fi-ac-grouped-action">Γאª</button> aka locator('button').filter({ hasText: 'Delete selected' })
    2) <button type="button" id="key-bindings-1" wire:loading.attr="disabled" x-bind:id="$id('key-bindings')" x-mousetrap.global.mod-d="document.getElementById($el.id)?.click()" class="fi-color fi-color-danger fi-text-color-600 dark:fi-text-color-300 fi-link fi-size-sm  fi-ac-link-action" wire:click="mountAction('delete', {}, JSON.parse('{\u0022recordKey\u0022:\u00221\u0022,\u0022table\u0022:true}'))">Γאª</button> aka locator('#key-bindings-1')
    3) <button type="button" id="key-bindings-2" wire:loading.attr="disabled" x-bind:id="$id('key-bindings')" x-mousetrap.global.mod-d="document.getElementById($el.id)?.click()" class="fi-color fi-color-danger fi-text-color-600 dark:fi-text-color-300 fi-link fi-size-sm  fi-ac-link-action" wire:click="mountAction('delete', {}, JSON.parse('{\u0022recordKey\u0022:\u00222\u0022,\u0022table\u0022:true}'))">Γאª</button> aka locator('#key-bindings-2')
    4) <button type="button" id="key-bindings-3" wire:loading.attr="disabled" x-bind:id="$id('key-bindings')" x-mousetrap.global.mod-d="document.getElementById($el.id)?.click()" class="fi-color fi-color-danger fi-text-color-600 dark:fi-text-color-300 fi-link fi-size-sm  fi-ac-link-action" wire:click="mountAction('delete', {}, JSON.parse('{\u0022recordKey\u0022:\u00223\u0022,\u0022table\u0022:true}'))">Γאª</button> aka locator('#key-bindings-3')
    5) <button type="button" id="key-bindings-4" wire:loading.attr="disabled" x-bind:id="$id('key-bindings')" x-mousetrap.global.mod-d="document.getElementById($el.id)?.click()" class="fi-color fi-color-danger fi-text-color-600 dark:fi-text-color-300 fi-link fi-size-sm  fi-ac-link-action" wire:click="mountAction('delete', {}, JSON.parse('{\u0022recordKey\u0022:\u00224\u0022,\u0022table\u0022:true}'))">Γאª</button> aka locator('#key-bindings-4')
    6) <button type="button" id="key-bindings-5" wire:loading.attr="disabled" x-bind:id="$id('key-bindings')" x-mousetrap.global.mod-d="document.getElementById($el.id)?.click()" class="fi-color fi-color-danger fi-text-color-600 dark:fi-text-color-300 fi-link fi-size-sm  fi-ac-link-action" wire:click="mountAction('delete', {}, JSON.parse('{\u0022recordKey\u0022:\u00225\u0022,\u0022table\u0022:true}'))">Γאª</button> aka locator('#key-bindings-5')
    7) <button type="button" id="key-bindings-6" wire:loading.attr="disabled" x-bind:id="$id('key-bindings')" x-mousetrap.global.mod-d="document.getElementById($el.id)?.click()" class="fi-color fi-color-danger fi-text-color-600 dark:fi-text-color-300 fi-link fi-size-sm  fi-ac-link-action" wire:click="mountAction('delete', {}, JSON.parse('{\u0022recordKey\u0022:\u00226\u0022,\u0022table\u0022:true}'))">Γאª</button> aka locator('#key-bindings-6')
 A screenshot of the page has been saved to [Tests/Browser/Screenshots/Super_User_can_delete_an_existing_Role_by_clicking_the__Delete__button_on_the_Role_row_on_the_roles_admin_page___admin_roles__for_a_Role_that_has_no_Users].

The following exception was thrown by the HTTP server:
Illuminate\Auth\AuthenticationException: Unauthenticated.

Stack trace:
#0 C:\Users\SEFI-PC\Herd\towerpower\vendor\filament\filament\src\Http\Middleware\Authenticate.php(20): Illuminate\Auth\Middleware\Authenticate->unauthenticated(Object(Illuminate\Http\Request), Array)
#1 C:\Users\SEFI-PC\Herd\towerpower\vendor\laravel\framework\src\Illuminate\Auth\Middleware\Authenticate.php(61): Filament\Http\Middleware\Authenticate->authenticate(Object(Illuminate\Http\Request), Array)
#2 C:\Users\SEFI-PC\Herd\towerpower\vendor\laravel\framework\src\Illuminate\Pipeline\Pipeline.php(219): Illuminate\Auth\Middleware\Authenticate->handle(Object(Illuminate\Http\Request), Object(Closure))
#3 C:\Users\SEFI-PC\Herd\towerpower\vendor\laravel\framework\src\Illuminate\View\Middleware\ShareErrorsFromSession.php(48): Illuminate\Pipeline\Pipeline->{closure:{closure:Illuminate\Pipeline\Pipeline::carry():194}:195}(Object(Illuminate\Http\Request))
#4 C:\Users\SEFI-PC\Herd\towerpower\vendor\laravel\framework\src\Illuminate\Pipeline\Pipeline.php(219): Illuminate\View\Middleware\ShareErrorsFromSession->handle(Object(Illuminate\Http\Request), Object(Closure))
#5 C:\Users\SEFI-PC\Herd\towerpower\vendor\laravel\framework\src\Illuminate\Session\Middleware\StartSession.php(120): Illuminate\Pipeline\Pipeline->{closure:{closure:Illuminate\Pipeline\Pipeline::carry():194}:195}(Object(Illuminate\Http\Request))
#6 C:\Users\SEFI-PC\Herd\towerpower\vendor\laravel\framework\src\Illuminate\Session\Middleware\StartSession.php(63): Illuminate\Session\Middleware\StartSession->handleStatefulRequest(Object(Illuminate\Http\Request), Object(Illuminate\Session\Store), Object(Closure))
#7 C:\Users\SEFI-PC\Herd\towerpower\vendor\laravel\framework\src\Illuminate\Pipeline\Pipeline.php(219): Illuminate\Session\Middleware\StartSession->handle(Object(Illuminate\Http\Request), Object(Closure))
#8 C:\Users\SEFI-PC\Herd\towerpower\vendor\laravel\framework\src\Illuminate\Cookie\Middleware\AddQueuedCookiesToResponse.php(36): Illuminate\Pipeline\Pipeline->{closure:{closure:Illuminate\Pipeline\Pipeline::carry():194}:195}(Object(Illuminate\Http\Request))
#9 C:\Users\SEFI-PC\Herd\towerpower\vendor\laravel\framework\src\Illuminate\Pipeline\Pipeline.php(219): Illuminate\Cookie\Middleware\AddQueuedCookiesToResponse->handle(Object(Illuminate\Http\Request), Object(Closure))
#10 C:\Users\SEFI-PC\Herd\towerpower\vendor\laravel\framework\src\Illuminate\Cookie\Middleware\EncryptCookies.php(74): Illuminate\Pipeline\Pipeline->{closure:{closure:Illuminate\Pipeline\Pipeline::carry():194}:195}(Object(Illuminate\Http\Request))
#11 C:\Users\SEFI-PC\Herd\towerpower\vendor\laravel\framework\src\Illuminate\Pipeline\Pipeline.php(219): Illuminate\Cookie\Middleware\EncryptCookies->handle(Object(Illuminate\Http\Request), Object(Closure))
#12 C:\Users\SEFI-PC\Herd\towerpower\vendor\filament\filament\src\Http\Middleware\SetUpPanel.php(19): Illuminate\Pipeline\Pipeline->{closure:{closure:Illuminate\Pipeline\Pipeline::carry():194}:195}(Object(Illuminate\Http\Request))
#13 C:\Users\SEFI-PC\Herd\towerpower\vendor\laravel\framework\src\Illuminate\Pipeline\Pipeline.php(219): Filament\Http\Middleware\SetUpPanel->handle(Object(Illuminate\Http\Request), Object(Closure), Object(Filament\Panel))
#14 C:\Users\SEFI-PC\Herd\towerpower\vendor\laravel\framework\src\Illuminate\Pipeline\Pipeline.php(137): Illuminate\Pipeline\Pipeline->{closure:{closure:Illuminate\Pipeline\Pipeline::carry():194}:195}(Object(Illuminate\Http\Request))
#15 C:\Users\SEFI-PC\Herd\towerpower\vendor\laravel\framework\src\Illuminate\Routing\Router.php(821): Illuminate\Pipeline\Pipeline->then(Object(Closure))
#16 C:\Users\SEFI-PC\Herd\towerpower\vendor\laravel\framework\src\Illuminate\Routing\Router.php(800): Illuminate\Routing\Router->runRouteWithinStack(Object(Illuminate\Routing\Route), Object(Illuminate\Http\Request))
#17 C:\Users\SEFI-PC\Herd\towerpower\vendor\laravel\framework\src\Illuminate\Routing\Router.php(764): Illuminate\Routing\Router->runRoute(Object(Illuminate\Http\Request), Object(Illuminate\Routing\Route))
#18 C:\Users\SEFI-PC\Herd\towerpower\vendor\laravel\framework\src\Illuminate\Routing\Router.php(753): Illuminate\Routing\Router->dispatchToRoute(Object(Illuminate\Http\Request))
#19 C:\Users\SEFI-PC\Herd\towerpower\vendor\laravel\framework\src\Illuminate\Foundation\Http\Kernel.php(200): Illuminate\Routing\Router->dispatch(Object(Illuminate\Http\Request))
#20 C:\Users\SEFI-PC\Herd\towerpower\vendor\laravel\framework\src\Illuminate\Pipeline\Pipeline.php(180): Illuminate\Foundation\Http\Kernel->{closure:Illuminate\Foundation\Http\Kernel::dispatchToRouter():197}(Object(Illuminate\Http\Request))
#21 C:\Users\SEFI-PC\Herd\towerpower\vendor\livewire\livewire\src\Features\SupportDisablingBackButtonCache\DisableBackButtonCacheMiddleware.php(19): Illuminate\Pipeline\Pipeline->{closure:Illuminate\Pipeline\Pipeline::prepareDestination():178}(Object(Illuminate\Http\Request))
#22 C:\Users\SEFI-PC\Herd\towerpower\vendor\laravel\framework\src\Illuminate\Pipeline\Pipeline.php(219): Livewire\Features\SupportDisablingBackButtonCache\DisableBackButtonCacheMiddleware->handle(Object(Illuminate\Http\Request), Object(Closure))
#23 C:\Users\SEFI-PC\Herd\towerpower\vendor\laravel\framework\src\Illuminate\Foundation\Http\Middleware\TransformsRequest.php(21): Illuminate\Pipeline\Pipeline->{closure:{closure:Illuminate\Pipeline\Pipeline::carry():194}:195}(Object(Illuminate\Http\Request))
#24 C:\Users\SEFI-PC\Herd\towerpower\vendor\laravel\framework\src\Illuminate\Foundation\Http\Middleware\ConvertEmptyStringsToNull.php(31): Illuminate\Foundation\Http\Middleware\TransformsRequest->handle(Object(Illuminate\Http\Request), Object(Closure))
#25 C:\Users\SEFI-PC\Herd\towerpower\vendor\laravel\framework\src\Illuminate\Pipeline\Pipeline.php(219): Illuminate\Foundation\Http\Middleware\ConvertEmptyStringsToNull->handle(Object(Illuminate\Http\Request), Object(Closure))
#26 C:\Users\SEFI-PC\Herd\towerpower\vendor\laravel\framework\src\Illuminate\Foundation\Http\Middleware\TransformsRequest.php(21): Illuminate\Pipeline\Pipeline->{closure:{closure:Illuminate\Pipeline\Pipeline::carry():194}:195}(Object(Illuminate\Http\Request))
#27 C:\Users\SEFI-PC\Herd\towerpower\vendor\laravel\framework\src\Illuminate\Foundation\Http\Middleware\TrimStrings.php(51): Illuminate\Foundation\Http\Middleware\TransformsRequest->handle(Object(Illuminate\Http\Request), Object(Closure))
#28 C:\Users\SEFI-PC\Herd\towerpower\vendor\laravel\framework\src\Illuminate\Pipeline\Pipeline.php(219): Illuminate\Foundation\Http\Middleware\TrimStrings->handle(Object(Illuminate\Http\Request), Object(Closure))
#29 C:\Users\SEFI-PC\Herd\towerpower\vendor\laravel\framework\src\Illuminate\Http\Middleware\ValidatePostSize.php(27): Illuminate\Pipeline\Pipeline->{closure:{closure:Illuminate\Pipeline\Pipeline::carry():194}:195}(Object(Illuminate\Http\Request))
#30 C:\Users\SEFI-PC\Herd\towerpower\vendor\laravel\framework\src\Illuminate\Pipeline\Pipeline.php(219): Illuminate\Http\Middleware\ValidatePostSize->handle(Object(Illuminate\Http\Request), Object(Closure))
#31 C:\Users\SEFI-PC\Herd\towerpower\vendor\laravel\framework\src\Illuminate\Foundation\Http\Middleware\PreventRequestsDuringMaintenance.php(109): Illuminate\Pipeline\Pipeline->{closure:{closure:Illuminate\Pipeline\Pipeline::carry():194}:195}(Object(Illuminate\Http\Request))
#32 C:\Users\SEFI-PC\Herd\towerpower\vendor\laravel\framework\src\Illuminate\Pipeline\Pipeline.php(219): Illuminate\Foundation\Http\Middleware\PreventRequestsDuringMaintenance->handle(Object(Illuminate\Http\Request), Object(Closure))
#33 C:\Users\SEFI-PC\Herd\towerpower\vendor\laravel\framework\src\Illuminate\Http\Middleware\HandleCors.php(74): Illuminate\Pipeline\Pipeline->{closure:{closure:Illuminate\Pipeline\Pipeline::carry():194}:195}(Object(Illuminate\Http\Request))
#34 C:\Users\SEFI-PC\Herd\towerpower\vendor\laravel\framework\src\Illuminate\Pipeline\Pipeline.php(219): Illuminate\Http\Middleware\HandleCors->handle(Object(Illuminate\Http\Request), Object(Closure))
#35 C:\Users\SEFI-PC\Herd\towerpower\vendor\laravel\framework\src\Illuminate\Http\Middleware\TrustProxies.php(58): Illuminate\Pipeline\Pipeline->{closure:{closure:Illuminate\Pipeline\Pipeline::carry():194}:195}(Object(Illuminate\Http\Request))
#36 C:\Users\SEFI-PC\Herd\towerpower\vendor\laravel\framework\src\Illuminate\Pipeline\Pipeline.php(219): Illuminate\Http\Middleware\TrustProxies->handle(Object(Illuminate\Http\Request), Object(Closure))
#37 C:\Users\SEFI-PC\Herd\towerpower\vendor\laravel\framework\src\Illuminate\Foundation\Http\Middleware\InvokeDeferredCallbacks.php(22): Illuminate\Pipeline\Pipeline->{closure:{closure:Illuminate\Pipeline\Pipeline::carry():194}:195}(Object(Illuminate\Http\Request))
#38 C:\Users\SEFI-PC\Herd\towerpower\vendor\laravel\framework\src\Illuminate\Pipeline\Pipeline.php(219): Illuminate\Foundation\Http\Middleware\InvokeDeferredCallbacks->handle(Object(Illuminate\Http\Request), Object(Closure))
#39 C:\Users\SEFI-PC\Herd\towerpower\vendor\laravel\framework\src\Illuminate\Http\Middleware\ValidatePathEncoding.php(28): Illuminate\Pipeline\Pipeline->{closure:{closure:Illuminate\Pipeline\Pipeline::carry():194}:195}(Object(Illuminate\Http\Request))
#40 C:\Users\SEFI-PC\Herd\towerpower\vendor\laravel\framework\src\Illuminate\Pipeline\Pipeline.php(219): Illuminate\Http\Middleware\ValidatePathEncoding->handle(Object(Illuminate\Http\Request), Object(Closure))
#41 C:\Users\SEFI-PC\Herd\towerpower\vendor\laravel\framework\src\Illuminate\Pipeline\Pipeline.php(137): Illuminate\Pipeline\Pipeline->{closure:{closure:Illuminate\Pipeline\Pipeline::carry():194}:195}(Object(Illuminate\Http\Request))
#42 C:\Users\SEFI-PC\Herd\towerpower\vendor\laravel\framework\src\Illuminate\Foundation\Http\Kernel.php(175): Illuminate\Pipeline\Pipeline->then(Object(Closure))
#43 C:\Users\SEFI-PC\Herd\towerpower\vendor\laravel\framework\src\Illuminate\Foundation\Http\Kernel.php(144): Illuminate\Foundation\Http\Kernel->sendRequestThroughRouter(Object(Illuminate\Http\Request))
#44 C:\Users\SEFI-PC\Herd\towerpower\vendor\pestphp\pest-plugin-browser\src\Drivers\LaravelHttpServer.php(279): Illuminate\Foundation\Http\Kernel->handle(Object(Illuminate\Http\Request))
#45 C:\Users\SEFI-PC\Herd\towerpower\vendor\amphp\http-server\src\RequestHandler\ClosureRequestHandler.php(21): Pest\Browser\Drivers\LaravelHttpServer->handleRequest(Object(Amp\Http\Server\Request))
#46 C:\Users\SEFI-PC\Herd\towerpower\vendor\amphp\http-server\src\Middleware\CompressionMiddleware.php(56): Amp\Http\Server\RequestHandler\ClosureRequestHandler->handleRequest(Object(Amp\Http\Server\Request))
#47 C:\Users\SEFI-PC\Herd\towerpower\vendor\amphp\http-server\src\Middleware\Internal\MiddlewareRequestHandler.php(26): Amp\Http\Server\Middleware\CompressionMiddleware->handleRequest(Object(Amp\Http\Server\Request), Object(Amp\Http\Server\RequestHandler\ClosureRequestHandler))
#48 C:\Users\SEFI-PC\Herd\towerpower\vendor\amphp\http-server\src\Middleware\ConcurrencyLimitingMiddleware.php(40): Amp\Http\Server\Middleware\Internal\MiddlewareRequestHandler->handleRequest(Object(Amp\Http\Server\Request))
#49 C:\Users\SEFI-PC\Herd\towerpower\vendor\amphp\http-server\src\Middleware\Internal\MiddlewareRequestHandler.php(26): Amp\Http\Server\Middleware\ConcurrencyLimitingMiddleware->handleRequest(Object(Amp\Http\Server\Request), Object(Amp\Http\Server\Middleware\Internal\MiddlewareRequestHandler))
#50 C:\Users\SEFI-PC\Herd\towerpower\vendor\amphp\http-server\src\Middleware\AllowedMethodsMiddleware.php(59): Amp\Http\Server\Middleware\Internal\MiddlewareRequestHandler->handleRequest(Object(Amp\Http\Server\Request))
#51 C:\Users\SEFI-PC\Herd\towerpower\vendor\amphp\http-server\src\Middleware\Internal\MiddlewareRequestHandler.php(26): Amp\Http\Server\Middleware\AllowedMethodsMiddleware->handleRequest(Object(Amp\Http\Server\Request), Object(Amp\Http\Server\Middleware\Internal\MiddlewareRequestHandler))
#52 C:\Users\SEFI-PC\Herd\towerpower\vendor\amphp\http-server\src\Driver\Internal\AbstractHttpDriver.php(57): Amp\Http\Server\Middleware\Internal\MiddlewareRequestHandler->handleRequest(Object(Amp\Http\Server\Request))
#53 C:\Users\SEFI-PC\Herd\towerpower\vendor\amphp\amp\src\functions.php(33): Amp\Http\Server\Driver\Internal\AbstractHttpDriver->handleRequest(Object(Amp\Http\Server\Request))
#54 C:\Users\SEFI-PC\Herd\towerpower\vendor\revolt\event-loop\src\EventLoop\Internal\AbstractDriver.php(430): {closure:Amp\async():23}(NULL, NULL, Array)
#55 C:\Users\SEFI-PC\Herd\towerpower\vendor\revolt\event-loop\src\EventLoop\Internal\AbstractDriver.php(621): Revolt\EventLoop\Internal\AbstractDriver->invokeMicrotasks()
#56 [internal function]: Revolt\EventLoop\Internal\AbstractDriver->{closure:Revolt\EventLoop\Internal\AbstractDriver::createCallbackFiber():565}()
#57 C:\Users\SEFI-PC\Herd\towerpower\vendor\revolt\event-loop\src\EventLoop\Internal\DriverSuspension.php(64): Fiber->resume(NULL)
#58 C:\Users\SEFI-PC\Herd\towerpower\vendor\revolt\event-loop\src\EventLoop\Internal\AbstractDriver.php(430): Revolt\EventLoop\Internal\DriverSuspension::{closure:Revolt\EventLoop\Internal\DriverSuspension::resume():61}()
#59 C:\Users\SEFI-PC\Herd\towerpower\vendor\revolt\event-loop\src\EventLoop\Internal\AbstractDriver.php(621): Revolt\EventLoop\Internal\AbstractDriver->invokeMicrotasks()
#60 [internal function]: Revolt\EventLoop\Internal\AbstractDriver->{closure:Revolt\EventLoop\Internal\AbstractDriver::createCallbackFiber():565}()
#61 C:\Users\SEFI-PC\Herd\towerpower\vendor\revolt\event-loop\src\EventLoop\Internal\AbstractDriver.php(503): Fiber->start()
#62 C:\Users\SEFI-PC\Herd\towerpower\vendor\revolt\event-loop\src\EventLoop\Internal\AbstractDriver.php(558): Revolt\EventLoop\Internal\AbstractDriver->invokeCallbacks()
#63 [internal function]: Revolt\EventLoop\Internal\AbstractDriver->{closure:Revolt\EventLoop\Internal\AbstractDriver::createLoopFiber():538}()
#64 C:\Users\SEFI-PC\Herd\towerpower\vendor\revolt\event-loop\src\EventLoop\Internal\AbstractDriver.php(96): Fiber->resume()
#65 C:\Users\SEFI-PC\Herd\towerpower\vendor\revolt\event-loop\src\EventLoop\Internal\DriverSuspension.php(117): Revolt\EventLoop\Internal\AbstractDriver->{closure:Revolt\EventLoop\Internal\AbstractDriver::__construct():90}()
#66 C:\Users\SEFI-PC\Herd\towerpower\vendor\amphp\pipeline\src\Internal\QueueState.php(128): Revolt\EventLoop\Internal\DriverSuspension->suspend()
#67 C:\Users\SEFI-PC\Herd\towerpower\vendor\amphp\pipeline\src\Internal\ConcurrentQueueIterator.php(30): Amp\Pipeline\Internal\QueueState->continue(NULL)
#68 C:\Users\SEFI-PC\Herd\towerpower\vendor\amphp\websocket\src\Rfc6455Client.php(92): Amp\Pipeline\Internal\ConcurrentQueueIterator->continue(NULL)
#69 C:\Users\SEFI-PC\Herd\towerpower\vendor\amphp\websocket-client\src\Rfc6455Connection.php(44): Amp\Websocket\Rfc6455Client->receive(NULL)
#70 C:\Users\SEFI-PC\Herd\towerpower\vendor\pestphp\pest-plugin-browser\src\Playwright\Client.php(136): Amp\Websocket\Client\Rfc6455Connection->receive()
#71 C:\Users\SEFI-PC\Herd\towerpower\vendor\pestphp\pest-plugin-browser\src\Playwright\Client.php(90): Pest\Browser\Playwright\Client->fetch(Object(Amp\Websocket\Client\Rfc6455Connection))
#72 [internal function]: Pest\Browser\Playwright\Client->execute('frame@cab597473...', 'goto', Array)
#73 C:\Users\SEFI-PC\Herd\towerpower\vendor\pestphp\pest-plugin-browser\src\Playwright\Concerns\InteractsWithPlaywright.php(123): iterator_to_array(Object(Generator))
#74 C:\Users\SEFI-PC\Herd\towerpower\vendor\pestphp\pest-plugin-browser\src\Playwright\Page.php(99): Pest\Browser\Playwright\Page->processVoidResponse(Object(Generator))
#75 C:\Users\SEFI-PC\Herd\towerpower\vendor\pestphp\pest-plugin-browser\src\Api\Concerns\InteractsWithToolbar.php(34): Pest\Browser\Playwright\Page->goto('http://127.0.0....', Array)
#76 C:\Users\SEFI-PC\Herd\towerpower\vendor\pestphp\pest-plugin-browser\src\Api\AwaitableWebpage.php(55): Pest\Browser\Api\Webpage->navigate('http://127.0.0....')
#77 C:\Users\SEFI-PC\Herd\towerpower\vendor\pestphp\pest-plugin-browser\src\Playwright\Playwright.php(230): Pest\Browser\Api\AwaitableWebpage->{closure:Pest\Browser\Api\AwaitableWebpage::__call():55}()
#78 C:\Users\SEFI-PC\Herd\towerpower\vendor\pestphp\pest-plugin-browser\src\Execution.php(149): Pest\Browser\Playwright\Playwright::usingTimeout(1000, Object(Closure))
#79 C:\Users\SEFI-PC\Herd\towerpower\vendor\pestphp\pest-plugin-browser\src\Api\AwaitableWebpage.php(53): Pest\Browser\Execution->waitForExpectation(Object(Closure))
#80 C:\Users\SEFI-PC\Herd\towerpower\tests\Browser\app\Filament\Resources\Roles\RoleResourcesTest.php(144): Pest\Browser\Api\AwaitableWebpage->__call('navigate', Array)
#81 C:\Users\SEFI-PC\Herd\towerpower\vendor\pestphp\pest\src\Factories\TestCaseMethodFactory.php(172): P\Tests\Browser\app\Filament\Resources\Roles\RoleResourcesTest->{closure:C:\Users\SEFI-PC\Herd\towerpower\tests\Browser\app\Filament\Resources\Roles\RoleResourcesTest.php:136}()
#82 [internal function]: P\Tests\Browser\app\Filament\Resources\Roles\RoleResourcesTest->{closure:Pest\Factories\TestCaseMethodFactory::getClosure():162}()
#83 C:\Users\SEFI-PC\Herd\towerpower\vendor\pestphp\pest\src\Concerns\Testable.php(429): call_user_func_array(Object(Closure), Array)
#84 C:\Users\SEFI-PC\Herd\towerpower\vendor\pestphp\pest\src\Support\ExceptionTrace.php(26): P\Tests\Browser\app\Filament\Resources\Roles\RoleResourcesTest->{closure:Pest\Concerns\Testable::__callClosure():429}()
#85 C:\Users\SEFI-PC\Herd\towerpower\vendor\pestphp\pest\src\Concerns\Testable.php(429): Pest\Support\ExceptionTrace::ensure(Object(Closure))
#86 C:\Users\SEFI-PC\Herd\towerpower\vendor\pestphp\pest\src\Concerns\Testable.php(331): P\Tests\Browser\app\Filament\Resources\Roles\RoleResourcesTest->__callClosure(Object(Closure), Array)
#87 C:\Users\SEFI-PC\Herd\towerpower\vendor\pestphp\pest\src\Factories\TestCaseFactory.php(170) : eval()'d code(80): P\Tests\Browser\app\Filament\Resources\Roles\RoleResourcesTest->__runTest(Object(Closure))
#88 C:\Users\SEFI-PC\Herd\towerpower\vendor\phpunit\phpunit\src\Framework\TestCase.php(1332): P\Tests\Browser\app\Filament\Resources\Roles\RoleResourcesTest->__pest_evaluable_Super_User_can_delete_an_existing_Role_by_clicking_the__Delete__button_on_the_Role_row_on_the_roles_admin_page___admin_roles__for_a_Role_that_has_no_Users()
#89 C:\Users\SEFI-PC\Herd\towerpower\vendor\phpunit\phpunit\src\Framework\TestCase.php(519): PHPUnit\Framework\TestCase->runTest()
#90 C:\Users\SEFI-PC\Herd\towerpower\vendor\phpunit\phpunit\src\Framework\TestRunner\TestRunner.php(99): PHPUnit\Framework\TestCase->runBare()
#91 C:\Users\SEFI-PC\Herd\towerpower\vendor\phpunit\phpunit\src\Framework\TestCase.php(359): PHPUnit\Framework\TestRunner->run(Object(P\Tests\Browser\app\Filament\Resources\Roles\RoleResourcesTest))
#92 C:\Users\SEFI-PC\Herd\towerpower\vendor\phpunit\phpunit\src\Framework\TestSuite.php(374): PHPUnit\Framework\TestCase->run()
#93 C:\Users\SEFI-PC\Herd\towerpower\vendor\phpunit\phpunit\src\TextUI\TestRunner.php(64): PHPUnit\Framework\TestSuite->run()
#94 C:\Users\SEFI-PC\Herd\towerpower\vendor\phpunit\phpunit\src\TextUI\Application.php(229): PHPUnit\TextUI\TestRunner->run(Object(PHPUnit\TextUI\Configuration\Configuration), Object(PHPUnit\Runner\ResultCache\DefaultResultCache), Object(PHPUnit\Framework\TestSuite))
#95 C:\Users\SEFI-PC\Herd\towerpower\vendor\pestphp\pest\src\Kernel.php(103): PHPUnit\TextUI\Application->run(Array)
#96 C:\Users\SEFI-PC\Herd\towerpower\vendor\pestphp\pest\bin\pest(184): Pest\Kernel->handle(Array, Array)
#97 C:\Users\SEFI-PC\Herd\towerpower\vendor\pestphp\pest\bin\pest(192): {closure:C:\Users\SEFI-PC\Herd\towerpower\vendor\pestphp\pest\bin\pest:18}()
#98 {main}

  at tests\Browser\app\Filament\Resources\Roles\RoleResourcesTest.php:146
    142Γצץ         ->fill('#form\.password', 'password')
    143Γצץ         ->click('button[type="submit"]')
    144Γצץ         ->navigate('/admin/roles')
    145Γצץ         ->waitForText('Temp')
  Γ₧£ 146Γצץ         ->click('button:has-text("Delete")')
    147Γצץ         ->waitForText('Are you sure you would like to delete this?')
    148Γצץ         ->click('button:has-text("Confirm")')
    149Γצץ         ->waitForText('Deleted')
    150Γצץ         ->assertDontSee('Temp');

  ΓפאΓפאΓפאΓפאΓפאΓפאΓפאΓפאΓפאΓפאΓפאΓפאΓפאΓפאΓפאΓפאΓפאΓפאΓפאΓפאΓפאΓפאΓפאΓפאΓפאΓפאΓפא  
   FAILED  Tests\Browser\apΓאª   
  Timeout 5000ms exceeded. A screenshot of the page has been saved to [Tests/Browser/Screenshots/Super_User_can_assign_a_Role_to_a_User_by_checking_the_checkbox_next_to_the_role_name_and_clicking_the__Save_changes__button_on_the_edit_user_details_page___admin_users__user__id__edit_].

The following exception was thrown by the HTTP server:
Symfony\Component\HttpKernel\Exception\NotFoundHttpException: The route admin/users/2 could not be found.

Stack trace:
#0 C:\Users\SEFI-PC\Herd\towerpower\vendor\laravel\framework\src\Illuminate\Routing\RouteCollection.php(196): Illuminate\Routing\AbstractRouteCollection->handleMatchedRoute(Object(Illuminate\Http\Request), NULL)
#1 C:\Users\SEFI-PC\Herd\towerpower\vendor\laravel\framework\src\Illuminate\Routing\Router.php(777): Illuminate\Routing\RouteCollection->match(Object(Illuminate\Http\Request))
#2 C:\Users\SEFI-PC\Herd\towerpower\vendor\laravel\framework\src\Illuminate\Routing\Router.php(764): Illuminate\Routing\Router->findRoute(Object(Illuminate\Http\Request))
#3 C:\Users\SEFI-PC\Herd\towerpower\vendor\laravel\framework\src\Illuminate\Routing\Router.php(753): Illuminate\Routing\Router->dispatchToRoute(Object(Illuminate\Http\Request))
#4 C:\Users\SEFI-PC\Herd\towerpower\vendor\laravel\framework\src\Illuminate\Foundation\Http\Kernel.php(200): Illuminate\Routing\Router->dispatch(Object(Illuminate\Http\Request))
#5 C:\Users\SEFI-PC\Herd\towerpower\vendor\laravel\framework\src\Illuminate\Pipeline\Pipeline.php(180): Illuminate\Foundation\Http\Kernel->{closure:Illuminate\Foundation\Http\Kernel::dispatchToRouter():197}(Object(Illuminate\Http\Request))
#6 C:\Users\SEFI-PC\Herd\towerpower\vendor\livewire\livewire\src\Features\SupportDisablingBackButtonCache\DisableBackButtonCacheMiddleware.php(19): Illuminate\Pipeline\Pipeline->{closure:Illuminate\Pipeline\Pipeline::prepareDestination():178}(Object(Illuminate\Http\Request))
#7 C:\Users\SEFI-PC\Herd\towerpower\vendor\laravel\framework\src\Illuminate\Pipeline\Pipeline.php(219): Livewire\Features\SupportDisablingBackButtonCache\DisableBackButtonCacheMiddleware->handle(Object(Illuminate\Http\Request), Object(Closure))
#8 C:\Users\SEFI-PC\Herd\towerpower\vendor\laravel\framework\src\Illuminate\Foundation\Http\Middleware\TransformsRequest.php(21): Illuminate\Pipeline\Pipeline->{closure:{closure:Illuminate\Pipeline\Pipeline::carry():194}:195}(Object(Illuminate\Http\Request))
#9 C:\Users\SEFI-PC\Herd\towerpower\vendor\laravel\framework\src\Illuminate\Foundation\Http\Middleware\ConvertEmptyStringsToNull.php(31): Illuminate\Foundation\Http\Middleware\TransformsRequest->handle(Object(Illuminate\Http\Request), Object(Closure))
#10 C:\Users\SEFI-PC\Herd\towerpower\vendor\laravel\framework\src\Illuminate\Pipeline\Pipeline.php(219): Illuminate\Foundation\Http\Middleware\ConvertEmptyStringsToNull->handle(Object(Illuminate\Http\Request), Object(Closure))
#11 C:\Users\SEFI-PC\Herd\towerpower\vendor\laravel\framework\src\Illuminate\Foundation\Http\Middleware\TransformsRequest.php(21): Illuminate\Pipeline\Pipeline->{closure:{closure:Illuminate\Pipeline\Pipeline::carry():194}:195}(Object(Illuminate\Http\Request))
#12 C:\Users\SEFI-PC\Herd\towerpower\vendor\laravel\framework\src\Illuminate\Foundation\Http\Middleware\TrimStrings.php(51): Illuminate\Foundation\Http\Middleware\TransformsRequest->handle(Object(Illuminate\Http\Request), Object(Closure))
#13 C:\Users\SEFI-PC\Herd\towerpower\vendor\laravel\framework\src\Illuminate\Pipeline\Pipeline.php(219): Illuminate\Foundation\Http\Middleware\TrimStrings->handle(Object(Illuminate\Http\Request), Object(Closure))
#14 C:\Users\SEFI-PC\Herd\towerpower\vendor\laravel\framework\src\Illuminate\Http\Middleware\ValidatePostSize.php(27): Illuminate\Pipeline\Pipeline->{closure:{closure:Illuminate\Pipeline\Pipeline::carry():194}:195}(Object(Illuminate\Http\Request))
#15 C:\Users\SEFI-PC\Herd\towerpower\vendor\laravel\framework\src\Illuminate\Pipeline\Pipeline.php(219): Illuminate\Http\Middleware\ValidatePostSize->handle(Object(Illuminate\Http\Request), Object(Closure))
#16 C:\Users\SEFI-PC\Herd\towerpower\vendor\laravel\framework\src\Illuminate\Foundation\Http\Middleware\PreventRequestsDuringMaintenance.php(109): Illuminate\Pipeline\Pipeline->{closure:{closure:Illuminate\Pipeline\Pipeline::carry():194}:195}(Object(Illuminate\Http\Request))
#17 C:\Users\SEFI-PC\Herd\towerpower\vendor\laravel\framework\src\Illuminate\Pipeline\Pipeline.php(219): Illuminate\Foundation\Http\Middleware\PreventRequestsDuringMaintenance->handle(Object(Illuminate\Http\Request), Object(Closure))
#18 C:\Users\SEFI-PC\Herd\towerpower\vendor\laravel\framework\src\Illuminate\Http\Middleware\HandleCors.php(74): Illuminate\Pipeline\Pipeline->{closure:{closure:Illuminate\Pipeline\Pipeline::carry():194}:195}(Object(Illuminate\Http\Request))
#19 C:\Users\SEFI-PC\Herd\towerpower\vendor\laravel\framework\src\Illuminate\Pipeline\Pipeline.php(219): Illuminate\Http\Middleware\HandleCors->handle(Object(Illuminate\Http\Request), Object(Closure))
#20 C:\Users\SEFI-PC\Herd\towerpower\vendor\laravel\framework\src\Illuminate\Http\Middleware\TrustProxies.php(58): Illuminate\Pipeline\Pipeline->{closure:{closure:Illuminate\Pipeline\Pipeline::carry():194}:195}(Object(Illuminate\Http\Request))
#21 C:\Users\SEFI-PC\Herd\towerpower\vendor\laravel\framework\src\Illuminate\Pipeline\Pipeline.php(219): Illuminate\Http\Middleware\TrustProxies->handle(Object(Illuminate\Http\Request), Object(Closure))
#22 C:\Users\SEFI-PC\Herd\towerpower\vendor\laravel\framework\src\Illuminate\Foundation\Http\Middleware\InvokeDeferredCallbacks.php(22): Illuminate\Pipeline\Pipeline->{closure:{closure:Illuminate\Pipeline\Pipeline::carry():194}:195}(Object(Illuminate\Http\Request))
#23 C:\Users\SEFI-PC\Herd\towerpower\vendor\laravel\framework\src\Illuminate\Pipeline\Pipeline.php(219): Illuminate\Foundation\Http\Middleware\InvokeDeferredCallbacks->handle(Object(Illuminate\Http\Request), Object(Closure))
#24 C:\Users\SEFI-PC\Herd\towerpower\vendor\laravel\framework\src\Illuminate\Http\Middleware\ValidatePathEncoding.php(28): Illuminate\Pipeline\Pipeline->{closure:{closure:Illuminate\Pipeline\Pipeline::carry():194}:195}(Object(Illuminate\Http\Request))
#25 C:\Users\SEFI-PC\Herd\towerpower\vendor\laravel\framework\src\Illuminate\Pipeline\Pipeline.php(219): Illuminate\Http\Middleware\ValidatePathEncoding->handle(Object(Illuminate\Http\Request), Object(Closure))
#26 C:\Users\SEFI-PC\Herd\towerpower\vendor\laravel\framework\src\Illuminate\Pipeline\Pipeline.php(137): Illuminate\Pipeline\Pipeline->{closure:{closure:Illuminate\Pipeline\Pipeline::carry():194}:195}(Object(Illuminate\Http\Request))
#27 C:\Users\SEFI-PC\Herd\towerpower\vendor\laravel\framework\src\Illuminate\Foundation\Http\Kernel.php(175): Illuminate\Pipeline\Pipeline->then(Object(Closure))
#28 C:\Users\SEFI-PC\Herd\towerpower\vendor\laravel\framework\src\Illuminate\Foundation\Http\Kernel.php(144): Illuminate\Foundation\Http\Kernel->sendRequestThroughRouter(Object(Illuminate\Http\Request))
#29 C:\Users\SEFI-PC\Herd\towerpower\vendor\pestphp\pest-plugin-browser\src\Drivers\LaravelHttpServer.php(279): Illuminate\Foundation\Http\Kernel->handle(Object(Illuminate\Http\Request))
#30 C:\Users\SEFI-PC\Herd\towerpower\vendor\amphp\http-server\src\RequestHandler\ClosureRequestHandler.php(21): Pest\Browser\Drivers\LaravelHttpServer->handleRequest(Object(Amp\Http\Server\Request))
#31 C:\Users\SEFI-PC\Herd\towerpower\vendor\amphp\http-server\src\Middleware\CompressionMiddleware.php(56): Amp\Http\Server\RequestHandler\ClosureRequestHandler->handleRequest(Object(Amp\Http\Server\Request))
#32 C:\Users\SEFI-PC\Herd\towerpower\vendor\amphp\http-server\src\Middleware\Internal\MiddlewareRequestHandler.php(26): Amp\Http\Server\Middleware\CompressionMiddleware->handleRequest(Object(Amp\Http\Server\Request), Object(Amp\Http\Server\RequestHandler\ClosureRequestHandler))
#33 C:\Users\SEFI-PC\Herd\towerpower\vendor\amphp\http-server\src\Middleware\ConcurrencyLimitingMiddleware.php(40): Amp\Http\Server\Middleware\Internal\MiddlewareRequestHandler->handleRequest(Object(Amp\Http\Server\Request))
#34 C:\Users\SEFI-PC\Herd\towerpower\vendor\amphp\http-server\src\Middleware\Internal\MiddlewareRequestHandler.php(26): Amp\Http\Server\Middleware\ConcurrencyLimitingMiddleware->handleRequest(Object(Amp\Http\Server\Request), Object(Amp\Http\Server\Middleware\Internal\MiddlewareRequestHandler))
#35 C:\Users\SEFI-PC\Herd\towerpower\vendor\amphp\http-server\src\Middleware\AllowedMethodsMiddleware.php(59): Amp\Http\Server\Middleware\Internal\MiddlewareRequestHandler->handleRequest(Object(Amp\Http\Server\Request))
#36 C:\Users\SEFI-PC\Herd\towerpower\vendor\amphp\http-server\src\Middleware\Internal\MiddlewareRequestHandler.php(26): Amp\Http\Server\Middleware\AllowedMethodsMiddleware->handleRequest(Object(Amp\Http\Server\Request), Object(Amp\Http\Server\Middleware\Internal\MiddlewareRequestHandler))
#37 C:\Users\SEFI-PC\Herd\towerpower\vendor\amphp\http-server\src\Driver\Internal\AbstractHttpDriver.php(57): Amp\Http\Server\Middleware\Internal\MiddlewareRequestHandler->handleRequest(Object(Amp\Http\Server\Request))
#38 C:\Users\SEFI-PC\Herd\towerpower\vendor\amphp\amp\src\functions.php(33): Amp\Http\Server\Driver\Internal\AbstractHttpDriver->handleRequest(Object(Amp\Http\Server\Request))
#39 C:\Users\SEFI-PC\Herd\towerpower\vendor\revolt\event-loop\src\EventLoop\Internal\AbstractDriver.php(430): {closure:Amp\async():23}(NULL, NULL, Array)
#40 C:\Users\SEFI-PC\Herd\towerpower\vendor\revolt\event-loop\src\EventLoop\Internal\AbstractDriver.php(621): Revolt\EventLoop\Internal\AbstractDriver->invokeMicrotasks()
#41 [internal function]: Revolt\EventLoop\Internal\AbstractDriver->{closure:Revolt\EventLoop\Internal\AbstractDriver::createCallbackFiber():565}()
#42 C:\Users\SEFI-PC\Herd\towerpower\vendor\revolt\event-loop\src\EventLoop\Internal\DriverSuspension.php(64): Fiber->resume(NULL)
#43 C:\Users\SEFI-PC\Herd\towerpower\vendor\revolt\event-loop\src\EventLoop\Internal\AbstractDriver.php(430): Revolt\EventLoop\Internal\DriverSuspension::{closure:Revolt\EventLoop\Internal\DriverSuspension::resume():61}()
#44 C:\Users\SEFI-PC\Herd\towerpower\vendor\revolt\event-loop\src\EventLoop\Internal\AbstractDriver.php(621): Revolt\EventLoop\Internal\AbstractDriver->invokeMicrotasks()
#45 [internal function]: Revolt\EventLoop\Internal\AbstractDriver->{closure:Revolt\EventLoop\Internal\AbstractDriver::createCallbackFiber():565}()
#46 C:\Users\SEFI-PC\Herd\towerpower\vendor\revolt\event-loop\src\EventLoop\Internal\AbstractDriver.php(503): Fiber->start()
#47 C:\Users\SEFI-PC\Herd\towerpower\vendor\revolt\event-loop\src\EventLoop\Internal\AbstractDriver.php(558): Revolt\EventLoop\Internal\AbstractDriver->invokeCallbacks()
#48 [internal function]: Revolt\EventLoop\Internal\AbstractDriver->{closure:Revolt\EventLoop\Internal\AbstractDriver::createLoopFiber():538}()
#49 C:\Users\SEFI-PC\Herd\towerpower\vendor\revolt\event-loop\src\EventLoop\Internal\AbstractDriver.php(96): Fiber->resume()
#50 C:\Users\SEFI-PC\Herd\towerpower\vendor\revolt\event-loop\src\EventLoop\Internal\DriverSuspension.php(117): Revolt\EventLoop\Internal\AbstractDriver->{closure:Revolt\EventLoop\Internal\AbstractDriver::__construct():90}()
#51 C:\Users\SEFI-PC\Herd\towerpower\vendor\amphp\pipeline\src\Internal\QueueState.php(128): Revolt\EventLoop\Internal\DriverSuspension->suspend()
#52 C:\Users\SEFI-PC\Herd\towerpower\vendor\amphp\pipeline\src\Internal\ConcurrentQueueIterator.php(30): Amp\Pipeline\Internal\QueueState->continue(NULL)
#53 C:\Users\SEFI-PC\Herd\towerpower\vendor\amphp\websocket\src\Rfc6455Client.php(92): Amp\Pipeline\Internal\ConcurrentQueueIterator->continue(NULL)
#54 C:\Users\SEFI-PC\Herd\towerpower\vendor\amphp\websocket-client\src\Rfc6455Connection.php(44): Amp\Websocket\Rfc6455Client->receive(NULL)
#55 C:\Users\SEFI-PC\Herd\towerpower\vendor\pestphp\pest-plugin-browser\src\Playwright\Client.php(136): Amp\Websocket\Client\Rfc6455Connection->receive()
#56 C:\Users\SEFI-PC\Herd\towerpower\vendor\pestphp\pest-plugin-browser\src\Playwright\Client.php(90): Pest\Browser\Playwright\Client->fetch(Object(Amp\Websocket\Client\Rfc6455Connection))
#57 [internal function]: Pest\Browser\Playwright\Client->execute('frame@2788ebedf...', 'goto', Array)
#58 C:\Users\SEFI-PC\Herd\towerpower\vendor\pestphp\pest-plugin-browser\src\Playwright\Concerns\InteractsWithPlaywright.php(123): iterator_to_array(Object(Generator))
#59 C:\Users\SEFI-PC\Herd\towerpower\vendor\pestphp\pest-plugin-browser\src\Playwright\Page.php(99): Pest\Browser\Playwright\Page->processVoidResponse(Object(Generator))
#60 C:\Users\SEFI-PC\Herd\towerpower\vendor\pestphp\pest-plugin-browser\src\Api\Concerns\InteractsWithToolbar.php(34): Pest\Browser\Playwright\Page->goto('http://127.0.0....', Array)
#61 C:\Users\SEFI-PC\Herd\towerpower\vendor\pestphp\pest-plugin-browser\src\Api\AwaitableWebpage.php(55): Pest\Browser\Api\Webpage->navigate('http://127.0.0....')
#62 C:\Users\SEFI-PC\Herd\towerpower\vendor\pestphp\pest-plugin-browser\src\Playwright\Playwright.php(230): Pest\Browser\Api\AwaitableWebpage->{closure:Pest\Browser\Api\AwaitableWebpage::__call():55}()
#63 C:\Users\SEFI-PC\Herd\towerpower\vendor\pestphp\pest-plugin-browser\src\Execution.php(149): Pest\Browser\Playwright\Playwright::usingTimeout(1000, Object(Closure))
#64 C:\Users\SEFI-PC\Herd\towerpower\vendor\pestphp\pest-plugin-browser\src\Api\AwaitableWebpage.php(53): Pest\Browser\Execution->waitForExpectation(Object(Closure))
#65 C:\Users\SEFI-PC\Herd\towerpower\tests\Browser\app\Filament\Resources\Roles\RoleResourcesTest.php(180): Pest\Browser\Api\AwaitableWebpage->__call('navigate', Array)
#66 C:\Users\SEFI-PC\Herd\towerpower\vendor\pestphp\pest\src\Factories\TestCaseMethodFactory.php(172): P\Tests\Browser\app\Filament\Resources\Roles\RoleResourcesTest->{closure:C:\Users\SEFI-PC\Herd\towerpower\tests\Browser\app\Filament\Resources\Roles\RoleResourcesTest.php:172}()
#67 [internal function]: P\Tests\Browser\app\Filament\Resources\Roles\RoleResourcesTest->{closure:Pest\Factories\TestCaseMethodFactory::getClosure():162}()
#68 C:\Users\SEFI-PC\Herd\towerpower\vendor\pestphp\pest\src\Concerns\Testable.php(429): call_user_func_array(Object(Closure), Array)
#69 C:\Users\SEFI-PC\Herd\towerpower\vendor\pestphp\pest\src\Support\ExceptionTrace.php(26): P\Tests\Browser\app\Filament\Resources\Roles\RoleResourcesTest->{closure:Pest\Concerns\Testable::__callClosure():429}()
#70 C:\Users\SEFI-PC\Herd\towerpower\vendor\pestphp\pest\src\Concerns\Testable.php(429): Pest\Support\ExceptionTrace::ensure(Object(Closure))
#71 C:\Users\SEFI-PC\Herd\towerpower\vendor\pestphp\pest\src\Concerns\Testable.php(331): P\Tests\Browser\app\Filament\Resources\Roles\RoleResourcesTest->__callClosure(Object(Closure), Array)
#72 C:\Users\SEFI-PC\Herd\towerpower\vendor\pestphp\pest\src\Factories\TestCaseFactory.php(170) : eval()'d code(98): P\Tests\Browser\app\Filament\Resources\Roles\RoleResourcesTest->__runTest(Object(Closure))
#73 C:\Users\SEFI-PC\Herd\towerpower\vendor\phpunit\phpunit\src\Framework\TestCase.php(1332): P\Tests\Browser\app\Filament\Resources\Roles\RoleResourcesTest->__pest_evaluable_Super_User_can_assign_a_Role_to_a_User_by_checking_the_checkbox_next_to_the_role_name_and_clicking_the__Save_changes__button_on_the_edit_user_details_page___admin_users__user__id__edit_()
#74 C:\Users\SEFI-PC\Herd\towerpower\vendor\phpunit\phpunit\src\Framework\TestCase.php(519): PHPUnit\Framework\TestCase->runTest()
#75 C:\Users\SEFI-PC\Herd\towerpower\vendor\phpunit\phpunit\src\Framework\TestRunner\TestRunner.php(99): PHPUnit\Framework\TestCase->runBare()
#76 C:\Users\SEFI-PC\Herd\towerpower\vendor\phpunit\phpunit\src\Framework\TestCase.php(359): PHPUnit\Framework\TestRunner->run(Object(P\Tests\Browser\app\Filament\Resources\Roles\RoleResourcesTest))
#77 C:\Users\SEFI-PC\Herd\towerpower\vendor\phpunit\phpunit\src\Framework\TestSuite.php(374): PHPUnit\Framework\TestCase->run()
#78 C:\Users\SEFI-PC\Herd\towerpower\vendor\phpunit\phpunit\src\TextUI\TestRunner.php(64): PHPUnit\Framework\TestSuite->run()
#79 C:\Users\SEFI-PC\Herd\towerpower\vendor\phpunit\phpunit\src\TextUI\Application.php(229): PHPUnit\TextUI\TestRunner->run(Object(PHPUnit\TextUI\Configuration\Configuration), Object(PHPUnit\Runner\ResultCache\DefaultResultCache), Object(PHPUnit\Framework\TestSuite))
#80 C:\Users\SEFI-PC\Herd\towerpower\vendor\pestphp\pest\src\Kernel.php(103): PHPUnit\TextUI\Application->run(Array)
#81 C:\Users\SEFI-PC\Herd\towerpower\vendor\pestphp\pest\bin\pest(184): Pest\Kernel->handle(Array, Array)
#82 C:\Users\SEFI-PC\Herd\towerpower\vendor\pestphp\pest\bin\pest(192): {closure:C:\Users\SEFI-PC\Herd\towerpower\vendor\pestphp\pest\bin\pest:18}()
#83 {main}

  at tests\Browser\app\Filament\Resources\Roles\RoleResourcesTest.php:181
    177Γצץ     $page->fill('#form\.email', 'super_user_assign@example.com')
    178Γצץ         ->fill('#form\.password', 'password')
    179Γצץ         ->click('button[type="submit"]')
    180Γצץ         ->navigate('/admin/users/'.$targetUser->id) // Assuming Users also has been changed or we use the old one
  Γ₧£ 181Γצץ         ->click('a:has-text("Edit")')
    182Γצץ         ->waitForText('Edit User')
    183Γצץ         ->check('input[type="checkbox"][value="'.Role::where('slug', Role::ROLE_STAFF)->first()->id.'"]')
    184Γצץ         ->click('button:has-text("Save changes")')
    185Γצץ         ->waitForText('Saved');

  ΓפאΓפאΓפאΓפאΓפאΓפאΓפאΓפאΓפאΓפאΓפאΓפאΓפאΓפאΓפאΓפאΓפאΓפאΓפאΓפאΓפאΓפאΓפאΓפאΓפאΓפאΓפא  
   FAILED  Tests\Browser\apΓאª   
  Timeout 5000ms exceeded. A screenshot of the page has been saved to [Tests/Browser/Screenshots/Super_User_can_revoke_a_Role_from_a_User_by_unchecking_the_checkbox_next_to_the_role_name_on_the_edit_user_details_page___admin_users__user__id__edit__and_clicking_the__Save_changes__button].

The following exception was thrown by the HTTP server:
Symfony\Component\HttpKernel\Exception\NotFoundHttpException: The route admin/users/2 could not be found.

Stack trace:
#0 C:\Users\SEFI-PC\Herd\towerpower\vendor\laravel\framework\src\Illuminate\Routing\RouteCollection.php(196): Illuminate\Routing\AbstractRouteCollection->handleMatchedRoute(Object(Illuminate\Http\Request), NULL)
#1 C:\Users\SEFI-PC\Herd\towerpower\vendor\laravel\framework\src\Illuminate\Routing\Router.php(777): Illuminate\Routing\RouteCollection->match(Object(Illuminate\Http\Request))
#2 C:\Users\SEFI-PC\Herd\towerpower\vendor\laravel\framework\src\Illuminate\Routing\Router.php(764): Illuminate\Routing\Router->findRoute(Object(Illuminate\Http\Request))
#3 C:\Users\SEFI-PC\Herd\towerpower\vendor\laravel\framework\src\Illuminate\Routing\Router.php(753): Illuminate\Routing\Router->dispatchToRoute(Object(Illuminate\Http\Request))
#4 C:\Users\SEFI-PC\Herd\towerpower\vendor\laravel\framework\src\Illuminate\Foundation\Http\Kernel.php(200): Illuminate\Routing\Router->dispatch(Object(Illuminate\Http\Request))
#5 C:\Users\SEFI-PC\Herd\towerpower\vendor\laravel\framework\src\Illuminate\Pipeline\Pipeline.php(180): Illuminate\Foundation\Http\Kernel->{closure:Illuminate\Foundation\Http\Kernel::dispatchToRouter():197}(Object(Illuminate\Http\Request))
#6 C:\Users\SEFI-PC\Herd\towerpower\vendor\livewire\livewire\src\Features\SupportDisablingBackButtonCache\DisableBackButtonCacheMiddleware.php(19): Illuminate\Pipeline\Pipeline->{closure:Illuminate\Pipeline\Pipeline::prepareDestination():178}(Object(Illuminate\Http\Request))
#7 C:\Users\SEFI-PC\Herd\towerpower\vendor\laravel\framework\src\Illuminate\Pipeline\Pipeline.php(219): Livewire\Features\SupportDisablingBackButtonCache\DisableBackButtonCacheMiddleware->handle(Object(Illuminate\Http\Request), Object(Closure))
#8 C:\Users\SEFI-PC\Herd\towerpower\vendor\laravel\framework\src\Illuminate\Foundation\Http\Middleware\TransformsRequest.php(21): Illuminate\Pipeline\Pipeline->{closure:{closure:Illuminate\Pipeline\Pipeline::carry():194}:195}(Object(Illuminate\Http\Request))
#9 C:\Users\SEFI-PC\Herd\towerpower\vendor\laravel\framework\src\Illuminate\Foundation\Http\Middleware\ConvertEmptyStringsToNull.php(31): Illuminate\Foundation\Http\Middleware\TransformsRequest->handle(Object(Illuminate\Http\Request), Object(Closure))
#10 C:\Users\SEFI-PC\Herd\towerpower\vendor\laravel\framework\src\Illuminate\Pipeline\Pipeline.php(219): Illuminate\Foundation\Http\Middleware\ConvertEmptyStringsToNull->handle(Object(Illuminate\Http\Request), Object(Closure))
#11 C:\Users\SEFI-PC\Herd\towerpower\vendor\laravel\framework\src\Illuminate\Foundation\Http\Middleware\TransformsRequest.php(21): Illuminate\Pipeline\Pipeline->{closure:{closure:Illuminate\Pipeline\Pipeline::carry():194}:195}(Object(Illuminate\Http\Request))
#12 C:\Users\SEFI-PC\Herd\towerpower\vendor\laravel\framework\src\Illuminate\Foundation\Http\Middleware\TrimStrings.php(51): Illuminate\Foundation\Http\Middleware\TransformsRequest->handle(Object(Illuminate\Http\Request), Object(Closure))
#13 C:\Users\SEFI-PC\Herd\towerpower\vendor\laravel\framework\src\Illuminate\Pipeline\Pipeline.php(219): Illuminate\Foundation\Http\Middleware\TrimStrings->handle(Object(Illuminate\Http\Request), Object(Closure))
#14 C:\Users\SEFI-PC\Herd\towerpower\vendor\laravel\framework\src\Illuminate\Http\Middleware\ValidatePostSize.php(27): Illuminate\Pipeline\Pipeline->{closure:{closure:Illuminate\Pipeline\Pipeline::carry():194}:195}(Object(Illuminate\Http\Request))
#15 C:\Users\SEFI-PC\Herd\towerpower\vendor\laravel\framework\src\Illuminate\Pipeline\Pipeline.php(219): Illuminate\Http\Middleware\ValidatePostSize->handle(Object(Illuminate\Http\Request), Object(Closure))
#16 C:\Users\SEFI-PC\Herd\towerpower\vendor\laravel\framework\src\Illuminate\Foundation\Http\Middleware\PreventRequestsDuringMaintenance.php(109): Illuminate\Pipeline\Pipeline->{closure:{closure:Illuminate\Pipeline\Pipeline::carry():194}:195}(Object(Illuminate\Http\Request))
#17 C:\Users\SEFI-PC\Herd\towerpower\vendor\laravel\framework\src\Illuminate\Pipeline\Pipeline.php(219): Illuminate\Foundation\Http\Middleware\PreventRequestsDuringMaintenance->handle(Object(Illuminate\Http\Request), Object(Closure))
#18 C:\Users\SEFI-PC\Herd\towerpower\vendor\laravel\framework\src\Illuminate\Http\Middleware\HandleCors.php(74): Illuminate\Pipeline\Pipeline->{closure:{closure:Illuminate\Pipeline\Pipeline::carry():194}:195}(Object(Illuminate\Http\Request))
#19 C:\Users\SEFI-PC\Herd\towerpower\vendor\laravel\framework\src\Illuminate\Pipeline\Pipeline.php(219): Illuminate\Http\Middleware\HandleCors->handle(Object(Illuminate\Http\Request), Object(Closure))
#20 C:\Users\SEFI-PC\Herd\towerpower\vendor\laravel\framework\src\Illuminate\Http\Middleware\TrustProxies.php(58): Illuminate\Pipeline\Pipeline->{closure:{closure:Illuminate\Pipeline\Pipeline::carry():194}:195}(Object(Illuminate\Http\Request))
#21 C:\Users\SEFI-PC\Herd\towerpower\vendor\laravel\framework\src\Illuminate\Pipeline\Pipeline.php(219): Illuminate\Http\Middleware\TrustProxies->handle(Object(Illuminate\Http\Request), Object(Closure))
#22 C:\Users\SEFI-PC\Herd\towerpower\vendor\laravel\framework\src\Illuminate\Foundation\Http\Middleware\InvokeDeferredCallbacks.php(22): Illuminate\Pipeline\Pipeline->{closure:{closure:Illuminate\Pipeline\Pipeline::carry():194}:195}(Object(Illuminate\Http\Request))
#23 C:\Users\SEFI-PC\Herd\towerpower\vendor\laravel\framework\src\Illuminate\Pipeline\Pipeline.php(219): Illuminate\Foundation\Http\Middleware\InvokeDeferredCallbacks->handle(Object(Illuminate\Http\Request), Object(Closure))
#24 C:\Users\SEFI-PC\Herd\towerpower\vendor\laravel\framework\src\Illuminate\Http\Middleware\ValidatePathEncoding.php(28): Illuminate\Pipeline\Pipeline->{closure:{closure:Illuminate\Pipeline\Pipeline::carry():194}:195}(Object(Illuminate\Http\Request))
#25 C:\Users\SEFI-PC\Herd\towerpower\vendor\laravel\framework\src\Illuminate\Pipeline\Pipeline.php(219): Illuminate\Http\Middleware\ValidatePathEncoding->handle(Object(Illuminate\Http\Request), Object(Closure))
#26 C:\Users\SEFI-PC\Herd\towerpower\vendor\laravel\framework\src\Illuminate\Pipeline\Pipeline.php(137): Illuminate\Pipeline\Pipeline->{closure:{closure:Illuminate\Pipeline\Pipeline::carry():194}:195}(Object(Illuminate\Http\Request))
#27 C:\Users\SEFI-PC\Herd\towerpower\vendor\laravel\framework\src\Illuminate\Foundation\Http\Kernel.php(175): Illuminate\Pipeline\Pipeline->then(Object(Closure))
#28 C:\Users\SEFI-PC\Herd\towerpower\vendor\laravel\framework\src\Illuminate\Foundation\Http\Kernel.php(144): Illuminate\Foundation\Http\Kernel->sendRequestThroughRouter(Object(Illuminate\Http\Request))
#29 C:\Users\SEFI-PC\Herd\towerpower\vendor\pestphp\pest-plugin-browser\src\Drivers\LaravelHttpServer.php(279): Illuminate\Foundation\Http\Kernel->handle(Object(Illuminate\Http\Request))
#30 C:\Users\SEFI-PC\Herd\towerpower\vendor\amphp\http-server\src\RequestHandler\ClosureRequestHandler.php(21): Pest\Browser\Drivers\LaravelHttpServer->handleRequest(Object(Amp\Http\Server\Request))
#31 C:\Users\SEFI-PC\Herd\towerpower\vendor\amphp\http-server\src\Middleware\CompressionMiddleware.php(56): Amp\Http\Server\RequestHandler\ClosureRequestHandler->handleRequest(Object(Amp\Http\Server\Request))
#32 C:\Users\SEFI-PC\Herd\towerpower\vendor\amphp\http-server\src\Middleware\Internal\MiddlewareRequestHandler.php(26): Amp\Http\Server\Middleware\CompressionMiddleware->handleRequest(Object(Amp\Http\Server\Request), Object(Amp\Http\Server\RequestHandler\ClosureRequestHandler))
#33 C:\Users\SEFI-PC\Herd\towerpower\vendor\amphp\http-server\src\Middleware\ConcurrencyLimitingMiddleware.php(40): Amp\Http\Server\Middleware\Internal\MiddlewareRequestHandler->handleRequest(Object(Amp\Http\Server\Request))
#34 C:\Users\SEFI-PC\Herd\towerpower\vendor\amphp\http-server\src\Middleware\Internal\MiddlewareRequestHandler.php(26): Amp\Http\Server\Middleware\ConcurrencyLimitingMiddleware->handleRequest(Object(Amp\Http\Server\Request), Object(Amp\Http\Server\Middleware\Internal\MiddlewareRequestHandler))
#35 C:\Users\SEFI-PC\Herd\towerpower\vendor\amphp\http-server\src\Middleware\AllowedMethodsMiddleware.php(59): Amp\Http\Server\Middleware\Internal\MiddlewareRequestHandler->handleRequest(Object(Amp\Http\Server\Request))
#36 C:\Users\SEFI-PC\Herd\towerpower\vendor\amphp\http-server\src\Middleware\Internal\MiddlewareRequestHandler.php(26): Amp\Http\Server\Middleware\AllowedMethodsMiddleware->handleRequest(Object(Amp\Http\Server\Request), Object(Amp\Http\Server\Middleware\Internal\MiddlewareRequestHandler))
#37 C:\Users\SEFI-PC\Herd\towerpower\vendor\amphp\http-server\src\Driver\Internal\AbstractHttpDriver.php(57): Amp\Http\Server\Middleware\Internal\MiddlewareRequestHandler->handleRequest(Object(Amp\Http\Server\Request))
#38 C:\Users\SEFI-PC\Herd\towerpower\vendor\amphp\amp\src\functions.php(33): Amp\Http\Server\Driver\Internal\AbstractHttpDriver->handleRequest(Object(Amp\Http\Server\Request))
#39 C:\Users\SEFI-PC\Herd\towerpower\vendor\revolt\event-loop\src\EventLoop\Internal\AbstractDriver.php(430): {closure:Amp\async():23}(NULL, NULL, Array)
#40 C:\Users\SEFI-PC\Herd\towerpower\vendor\revolt\event-loop\src\EventLoop\Internal\AbstractDriver.php(621): Revolt\EventLoop\Internal\AbstractDriver->invokeMicrotasks()
#41 [internal function]: Revolt\EventLoop\Internal\AbstractDriver->{closure:Revolt\EventLoop\Internal\AbstractDriver::createCallbackFiber():565}()
#42 C:\Users\SEFI-PC\Herd\towerpower\vendor\revolt\event-loop\src\EventLoop\Internal\DriverSuspension.php(64): Fiber->resume(NULL)
#43 C:\Users\SEFI-PC\Herd\towerpower\vendor\revolt\event-loop\src\EventLoop\Internal\AbstractDriver.php(430): Revolt\EventLoop\Internal\DriverSuspension::{closure:Revolt\EventLoop\Internal\DriverSuspension::resume():61}()
#44 C:\Users\SEFI-PC\Herd\towerpower\vendor\revolt\event-loop\src\EventLoop\Internal\AbstractDriver.php(621): Revolt\EventLoop\Internal\AbstractDriver->invokeMicrotasks()
#45 [internal function]: Revolt\EventLoop\Internal\AbstractDriver->{closure:Revolt\EventLoop\Internal\AbstractDriver::createCallbackFiber():565}()
#46 C:\Users\SEFI-PC\Herd\towerpower\vendor\revolt\event-loop\src\EventLoop\Internal\AbstractDriver.php(503): Fiber->start()
#47 C:\Users\SEFI-PC\Herd\towerpower\vendor\revolt\event-loop\src\EventLoop\Internal\AbstractDriver.php(558): Revolt\EventLoop\Internal\AbstractDriver->invokeCallbacks()
#48 [internal function]: Revolt\EventLoop\Internal\AbstractDriver->{closure:Revolt\EventLoop\Internal\AbstractDriver::createLoopFiber():538}()
#49 C:\Users\SEFI-PC\Herd\towerpower\vendor\revolt\event-loop\src\EventLoop\Internal\AbstractDriver.php(96): Fiber->resume()
#50 C:\Users\SEFI-PC\Herd\towerpower\vendor\revolt\event-loop\src\EventLoop\Internal\DriverSuspension.php(117): Revolt\EventLoop\Internal\AbstractDriver->{closure:Revolt\EventLoop\Internal\AbstractDriver::__construct():90}()
#51 C:\Users\SEFI-PC\Herd\towerpower\vendor\amphp\pipeline\src\Internal\QueueState.php(128): Revolt\EventLoop\Internal\DriverSuspension->suspend()
#52 C:\Users\SEFI-PC\Herd\towerpower\vendor\amphp\pipeline\src\Internal\ConcurrentQueueIterator.php(30): Amp\Pipeline\Internal\QueueState->continue(NULL)
#53 C:\Users\SEFI-PC\Herd\towerpower\vendor\amphp\websocket\src\Rfc6455Client.php(92): Amp\Pipeline\Internal\ConcurrentQueueIterator->continue(NULL)
#54 C:\Users\SEFI-PC\Herd\towerpower\vendor\amphp\websocket-client\src\Rfc6455Connection.php(44): Amp\Websocket\Rfc6455Client->receive(NULL)
#55 C:\Users\SEFI-PC\Herd\towerpower\vendor\pestphp\pest-plugin-browser\src\Playwright\Client.php(136): Amp\Websocket\Client\Rfc6455Connection->receive()
#56 C:\Users\SEFI-PC\Herd\towerpower\vendor\pestphp\pest-plugin-browser\src\Playwright\Client.php(90): Pest\Browser\Playwright\Client->fetch(Object(Amp\Websocket\Client\Rfc6455Connection))
#57 [internal function]: Pest\Browser\Playwright\Client->execute('frame@350898f22...', 'click', Array)
#58 C:\Users\SEFI-PC\Herd\towerpower\vendor\pestphp\pest-plugin-browser\src\Playwright\Concerns\InteractsWithPlaywright.php(123): iterator_to_array(Object(Generator))
#59 C:\Users\SEFI-PC\Herd\towerpower\vendor\pestphp\pest-plugin-browser\src\Playwright\Locator.php(137): Pest\Browser\Playwright\Locator->processVoidResponse(Object(Generator))
#60 C:\Users\SEFI-PC\Herd\towerpower\vendor\pestphp\pest-plugin-browser\src\Api\Concerns\InteractsWithElements.php(19): Pest\Browser\Playwright\Locator->click()
#61 C:\Users\SEFI-PC\Herd\towerpower\vendor\pestphp\pest-plugin-browser\src\Api\AwaitableWebpage.php(55): Pest\Browser\Api\Webpage->click('a:has-text("Edi...')
#62 C:\Users\SEFI-PC\Herd\towerpower\vendor\pestphp\pest-plugin-browser\src\Playwright\Playwright.php(230): Pest\Browser\Api\AwaitableWebpage->{closure:Pest\Browser\Api\AwaitableWebpage::__call():55}()
#63 C:\Users\SEFI-PC\Herd\towerpower\vendor\pestphp\pest-plugin-browser\src\Execution.php(149): Pest\Browser\Playwright\Playwright::usingTimeout(1000, Object(Closure))
#64 C:\Users\SEFI-PC\Herd\towerpower\vendor\pestphp\pest-plugin-browser\src\Api\AwaitableWebpage.php(53): Pest\Browser\Execution->waitForExpectation(Object(Closure))
#65 C:\Users\SEFI-PC\Herd\towerpower\tests\Browser\app\Filament\Resources\Roles\RoleResourcesTest.php(201): Pest\Browser\Api\AwaitableWebpage->__call('click', Array)
#66 C:\Users\SEFI-PC\Herd\towerpower\vendor\pestphp\pest\src\Factories\TestCaseMethodFactory.php(172): P\Tests\Browser\app\Filament\Resources\Roles\RoleResourcesTest->{closure:C:\Users\SEFI-PC\Herd\towerpower\tests\Browser\app\Filament\Resources\Roles\RoleResourcesTest.php:190}()
#67 [internal function]: P\Tests\Browser\app\Filament\Resources\Roles\RoleResourcesTest->{closure:Pest\Factories\TestCaseMethodFactory::getClosure():162}()
#68 C:\Users\SEFI-PC\Herd\towerpower\vendor\pestphp\pest\src\Concerns\Testable.php(429): call_user_func_array(Object(Closure), Array)
#69 C:\Users\SEFI-PC\Herd\towerpower\vendor\pestphp\pest\src\Support\ExceptionTrace.php(26): P\Tests\Browser\app\Filament\Resources\Roles\RoleResourcesTest->{closure:Pest\Concerns\Testable::__callClosure():429}()
#70 C:\Users\SEFI-PC\Herd\towerpower\vendor\pestphp\pest\src\Concerns\Testable.php(429): Pest\Support\ExceptionTrace::ensure(Object(Closure))
#71 C:\Users\SEFI-PC\Herd\towerpower\vendor\pestphp\pest\src\Concerns\Testable.php(331): P\Tests\Browser\app\Filament\Resources\Roles\RoleResourcesTest->__callClosure(Object(Closure), Array)
#72 C:\Users\SEFI-PC\Herd\towerpower\vendor\pestphp\pest\src\Factories\TestCaseFactory.php(170) : eval()'d code(107): P\Tests\Browser\app\Filament\Resources\Roles\RoleResourcesTest->__runTest(Object(Closure))
#73 C:\Users\SEFI-PC\Herd\towerpower\vendor\phpunit\phpunit\src\Framework\TestCase.php(1332): P\Tests\Browser\app\Filament\Resources\Roles\RoleResourcesTest->__pest_evaluable_Super_User_can_revoke_a_Role_from_a_User_by_unchecking_the_checkbox_next_to_the_role_name_on_the_edit_user_details_page___admin_users__user__id__edit__and_clicking_the__Save_changes__button()
#74 C:\Users\SEFI-PC\Herd\towerpower\vendor\phpunit\phpunit\src\Framework\TestCase.php(519): PHPUnit\Framework\TestCase->runTest()
#75 C:\Users\SEFI-PC\Herd\towerpower\vendor\phpunit\phpunit\src\Framework\TestRunner\TestRunner.php(99): PHPUnit\Framework\TestCase->runBare()
#76 C:\Users\SEFI-PC\Herd\towerpower\vendor\phpunit\phpunit\src\Framework\TestCase.php(359): PHPUnit\Framework\TestRunner->run(Object(P\Tests\Browser\app\Filament\Resources\Roles\RoleResourcesTest))
#77 C:\Users\SEFI-PC\Herd\towerpower\vendor\phpunit\phpunit\src\Framework\TestSuite.php(374): PHPUnit\Framework\TestCase->run()
#78 C:\Users\SEFI-PC\Herd\towerpower\vendor\phpunit\phpunit\src\TextUI\TestRunner.php(64): PHPUnit\Framework\TestSuite->run()
#79 C:\Users\SEFI-PC\Herd\towerpower\vendor\phpunit\phpunit\src\TextUI\Application.php(229): PHPUnit\TextUI\TestRunner->run(Object(PHPUnit\TextUI\Configuration\Configuration), Object(PHPUnit\Runner\ResultCache\DefaultResultCache), Object(PHPUnit\Framework\TestSuite))
#80 C:\Users\SEFI-PC\Herd\towerpower\vendor\pestphp\pest\src\Kernel.php(103): PHPUnit\TextUI\Application->run(Array)
#81 C:\Users\SEFI-PC\Herd\towerpower\vendor\pestphp\pest\bin\pest(184): Pest\Kernel->handle(Array, Array)
#82 C:\Users\SEFI-PC\Herd\towerpower\vendor\pestphp\pest\bin\pest(192): {closure:C:\Users\SEFI-PC\Herd\towerpower\vendor\pestphp\pest\bin\pest:18}()
#83 {main}

  at tests\Browser\app\Filament\Resources\Roles\RoleResourcesTest.php:201
    197Γצץ     $page->fill('#form\.email', 'super_user_revoke@example.com')
    198Γצץ         ->fill('#form\.password', 'password')
    199Γצץ         ->click('button[type="submit"]')
    200Γצץ         ->navigate('/admin/users/'.$targetUser->id)
  Γ₧£ 201Γצץ         ->click('a:has-text("Edit")')
    202Γצץ         ->waitForText('Edit User')
    203Γצץ         ->uncheck('input[type="checkbox"][value="'.$roleToRevoke->id.'"]')
    204Γצץ         ->click('button:has-text("Save changes")')
    205Γצץ         ->waitForText('Saved');


  Tests:    7 failed, 4 passed (10 assertions)
  Duration: 76.02s

